Archive member included because of file (symbol)

/Users/jenswilly/Yagarto/yagarto-4.7.1/bin/../lib/gcc/arm-none-eabi/4.7.1/thumb/v6m/libgcc.a(_udivsi3.o)
                              ./cmsis/device/system_LPC11Uxx.o (__aeabi_uidiv)
/Users/jenswilly/Yagarto/yagarto-4.7.1/bin/../lib/gcc/arm-none-eabi/4.7.1/thumb/v6m/libgcc.a(_dvmd_tls.o)
                              /Users/jenswilly/Yagarto/yagarto-4.7.1/bin/../lib/gcc/arm-none-eabi/4.7.1/thumb/v6m/libgcc.a(_udivsi3.o) (__aeabi_idiv0)
/Users/jenswilly/Yagarto/yagarto-4.7.1/bin/../lib/gcc/arm-none-eabi/4.7.1/../../../../arm-none-eabi/lib/thumb/v6m/libc.a(lib_a-errno.o)
                              ./src/syscalls.o (__errno)
/Users/jenswilly/Yagarto/yagarto-4.7.1/bin/../lib/gcc/arm-none-eabi/4.7.1/../../../../arm-none-eabi/lib/thumb/v6m/libc.a(lib_a-impure.o)
                              /Users/jenswilly/Yagarto/yagarto-4.7.1/bin/../lib/gcc/arm-none-eabi/4.7.1/../../../../arm-none-eabi/lib/thumb/v6m/libc.a(lib_a-errno.o) (_impure_ptr)
/Users/jenswilly/Yagarto/yagarto-4.7.1/bin/../lib/gcc/arm-none-eabi/4.7.1/../../../../arm-none-eabi/lib/thumb/v6m/libc.a(lib_a-iprintf.o)
                              ./src/main.o (iprintf)
/Users/jenswilly/Yagarto/yagarto-4.7.1/bin/../lib/gcc/arm-none-eabi/4.7.1/../../../../arm-none-eabi/lib/thumb/v6m/libc.a(lib_a-memset.o)
                              ./src/syscalls.o (memset)
/Users/jenswilly/Yagarto/yagarto-4.7.1/bin/../lib/gcc/arm-none-eabi/4.7.1/../../../../arm-none-eabi/lib/thumb/v6m/libc.a(lib_a-vfiprintf.o)
                              /Users/jenswilly/Yagarto/yagarto-4.7.1/bin/../lib/gcc/arm-none-eabi/4.7.1/../../../../arm-none-eabi/lib/thumb/v6m/libc.a(lib_a-iprintf.o) (_vfiprintf_r)
/Users/jenswilly/Yagarto/yagarto-4.7.1/bin/../lib/gcc/arm-none-eabi/4.7.1/../../../../arm-none-eabi/lib/thumb/v6m/libc.a(lib_a-wsetup.o)
                              /Users/jenswilly/Yagarto/yagarto-4.7.1/bin/../lib/gcc/arm-none-eabi/4.7.1/../../../../arm-none-eabi/lib/thumb/v6m/libc.a(lib_a-vfiprintf.o) (__swsetup_r)
/Users/jenswilly/Yagarto/yagarto-4.7.1/bin/../lib/gcc/arm-none-eabi/4.7.1/../../../../arm-none-eabi/lib/thumb/v6m/libc.a(lib_a-fflush.o)
                              /Users/jenswilly/Yagarto/yagarto-4.7.1/bin/../lib/gcc/arm-none-eabi/4.7.1/../../../../arm-none-eabi/lib/thumb/v6m/libc.a(lib_a-vfiprintf.o) (_fflush_r)
/Users/jenswilly/Yagarto/yagarto-4.7.1/bin/../lib/gcc/arm-none-eabi/4.7.1/../../../../arm-none-eabi/lib/thumb/v6m/libc.a(lib_a-findfp.o)
                              /Users/jenswilly/Yagarto/yagarto-4.7.1/bin/../lib/gcc/arm-none-eabi/4.7.1/../../../../arm-none-eabi/lib/thumb/v6m/libc.a(lib_a-vfiprintf.o) (__sinit)
/Users/jenswilly/Yagarto/yagarto-4.7.1/bin/../lib/gcc/arm-none-eabi/4.7.1/../../../../arm-none-eabi/lib/thumb/v6m/libc.a(lib_a-fputwc.o)
                              /Users/jenswilly/Yagarto/yagarto-4.7.1/bin/../lib/gcc/arm-none-eabi/4.7.1/../../../../arm-none-eabi/lib/thumb/v6m/libc.a(lib_a-vfiprintf.o) (_fputwc_r)
/Users/jenswilly/Yagarto/yagarto-4.7.1/bin/../lib/gcc/arm-none-eabi/4.7.1/../../../../arm-none-eabi/lib/thumb/v6m/libc.a(lib_a-freer.o)
                              /Users/jenswilly/Yagarto/yagarto-4.7.1/bin/../lib/gcc/arm-none-eabi/4.7.1/../../../../arm-none-eabi/lib/thumb/v6m/libc.a(lib_a-wsetup.o) (_free_r)
/Users/jenswilly/Yagarto/yagarto-4.7.1/bin/../lib/gcc/arm-none-eabi/4.7.1/../../../../arm-none-eabi/lib/thumb/v6m/libc.a(lib_a-fvwrite.o)
                              /Users/jenswilly/Yagarto/yagarto-4.7.1/bin/../lib/gcc/arm-none-eabi/4.7.1/../../../../arm-none-eabi/lib/thumb/v6m/libc.a(lib_a-vfiprintf.o) (__sfvwrite_r)
/Users/jenswilly/Yagarto/yagarto-4.7.1/bin/../lib/gcc/arm-none-eabi/4.7.1/../../../../arm-none-eabi/lib/thumb/v6m/libc.a(lib_a-fwalk.o)
                              /Users/jenswilly/Yagarto/yagarto-4.7.1/bin/../lib/gcc/arm-none-eabi/4.7.1/../../../../arm-none-eabi/lib/thumb/v6m/libc.a(lib_a-findfp.o) (_fwalk)
/Users/jenswilly/Yagarto/yagarto-4.7.1/bin/../lib/gcc/arm-none-eabi/4.7.1/../../../../arm-none-eabi/lib/thumb/v6m/libc.a(lib_a-locale.o)
                              /Users/jenswilly/Yagarto/yagarto-4.7.1/bin/../lib/gcc/arm-none-eabi/4.7.1/../../../../arm-none-eabi/lib/thumb/v6m/libc.a(lib_a-fputwc.o) (__locale_mb_cur_max)
/Users/jenswilly/Yagarto/yagarto-4.7.1/bin/../lib/gcc/arm-none-eabi/4.7.1/../../../../arm-none-eabi/lib/thumb/v6m/libc.a(lib_a-makebuf.o)
                              /Users/jenswilly/Yagarto/yagarto-4.7.1/bin/../lib/gcc/arm-none-eabi/4.7.1/../../../../arm-none-eabi/lib/thumb/v6m/libc.a(lib_a-wsetup.o) (__smakebuf_r)
/Users/jenswilly/Yagarto/yagarto-4.7.1/bin/../lib/gcc/arm-none-eabi/4.7.1/../../../../arm-none-eabi/lib/thumb/v6m/libc.a(lib_a-mallocr.o)
                              /Users/jenswilly/Yagarto/yagarto-4.7.1/bin/../lib/gcc/arm-none-eabi/4.7.1/../../../../arm-none-eabi/lib/thumb/v6m/libc.a(lib_a-findfp.o) (_malloc_r)
[...]
Memory Configuration

Name             Origin             Length             Attributes
MFlash32         0x0000000000000000 0x0000000000008000 xr
RamLoc4          0x00000000100000c0 0x0000000000000f40 xrw
RamUsb2          0x0000000020004000 0x0000000000000800 xrw
*default*        0x0000000000000000 0xffffffffffffffff

Linker script and memory map

LOAD ./cmsis/core/core_cm0.o
LOAD ./cmsis/device/system_LPC11Uxx.o
LOAD ./src/startup_LPC11U24.o
LOAD ./src/uart.o
LOAD ./src/main.o
LOAD ./src/syscalls.o
START GROUP
LOAD /Users/jenswilly/Yagarto/yagarto-4.7.1/bin/../lib/gcc/arm-none-eabi/4.7.1/thumb/v6m/libgcc.a
LOAD /Users/jenswilly/Yagarto/yagarto-4.7.1/bin/../lib/gcc/arm-none-eabi/4.7.1/../../../../arm-none-eabi/lib/thumb/v6m/libc.a
END GROUP
                0x0000000000008000                __top_MFlash32 = 0x8000
                0x0000000010001000                __top_RamLoc4 = 0x10001000
                0x0000000020004800                __top_RamUsb2 = 0x20004800

.text           0x0000000000000000     0x2e90
 FILL mask 0xff
 *(.isr_vector)
 .isr_vector    0x0000000000000000       0xc0 ./src/startup_LPC11U24.o
                0x0000000000000000                g_pfnVectors
                0x00000000000000c0                . = ALIGN (0x4)
                0x00000000000000c0                __section_table_start = .
                0x00000000000000c0                __data_section_table = .
                0x00000000000000c0        0x4 LONG 0x2e90 LOADADDR (.data)
                0x00000000000000c4        0x4 LONG 0x100000c0 ADDR (.data)
                0x00000000000000c8        0x4 LONG 0x8c8 SIZEOF (.data)
                0x00000000000000cc        0x4 LONG 0x2e90 LOADADDR (.data_RAM2)
                0x00000000000000d0        0x4 LONG 0x20004000 ADDR (.data_RAM2)
                0x00000000000000d4        0x4 LONG 0x0 SIZEOF (.data_RAM2)
                0x00000000000000d8                __data_section_table_end = .
                0x00000000000000d8                __bss_section_table = .
                0x00000000000000d8        0x4 LONG 0x10000988 ADDR (.bss)
                0x00000000000000dc        0x4 LONG 0xf8 SIZEOF (.bss)
                0x00000000000000e0        0x4 LONG 0x20004000 ADDR (.bss_RAM2)
                0x00000000000000e4        0x4 LONG 0x0 SIZEOF (.bss_RAM2)
                0x00000000000000e8                __bss_section_table_end = .
                0x00000000000000e8                __section_table_end = .
 *(.after_vectors*)
 .after_vectors
                0x00000000000000e8       0xb4 ./src/startup_LPC11U24.o
                0x00000000000000e8                NMI_Handler
                0x00000000000000ec                HardFault_Handler
                0x00000000000000f0                SVCall_Handler
                0x00000000000000f4                PendSV_Handler
                0x00000000000000f8                SysTick_Handler
                0x00000000000000fc                GINT1_IRQHandler
                0x00000000000000fc                FLEX_INT7_IRQHandler
                0x00000000000000fc                FLEX_INT6_IRQHandler
                0x00000000000000fc                FMC_IRQHandler
                0x00000000000000fc                TIMER16_0_IRQHandler
                0x00000000000000fc                TIMER32_1_IRQHandler
                0x00000000000000fc                FLEX_INT1_IRQHandler
                0x00000000000000fc                IntDefaultHandler
                0x00000000000000fc                SSP0_IRQHandler
                0x00000000000000fc                USBWakeup_IRQHandler
                0x00000000000000fc                FLEX_INT0_IRQHandler
                0x00000000000000fc                FLEX_INT2_IRQHandler
                0x00000000000000fc                TIMER16_1_IRQHandler
                0x00000000000000fc                USB_FIQHandler
                0x00000000000000fc                FLEX_INT5_IRQHandler
                0x00000000000000fc                ADC_IRQHandler
                0x00000000000000fc                SSP1_IRQHandler
                0x00000000000000fc                FLEX_INT3_IRQHandler
                0x00000000000000fc                USB_IRQHandler
                0x00000000000000fc                BOD_IRQHandler
                0x00000000000000fc                I2C_IRQHandler
                0x00000000000000fc                WDT_IRQHandler
                0x00000000000000fc                GINT0_IRQHandler
                0x00000000000000fc                FLEX_INT4_IRQHandler
                0x0000000000000100                ResetISR
                0x0000000000000174                data_init
                0x0000000000000188                bss_init
 *(.text*)
 .text          0x000000000000019c        0x0 ./cmsis/core/core_cm0.o
 .text          0x000000000000019c      0x180 ./cmsis/device/system_LPC11Uxx.o
                0x000000000000019c                SystemCoreClockUpdate
                0x0000000000000238                SystemInit
 .text          0x000000000000031c        0x0 ./src/startup_LPC11U24.o
 .text          0x000000000000031c       0xe0 ./src/uart.o
                0x000000000000031c                ModemInit
                0x0000000000000320                UARTInit
                0x00000000000003d8                UARTSend
 .text          0x00000000000003fc       0x6c ./src/main.o
                0x00000000000003fc                TIMER32_0_IRQHandler
                0x0000000000000430                UART_IRQHandler
 .text.startup  0x0000000000000468      0x12c ./src/main.o
                0x0000000000000468                main
 .text          0x0000000000000594       0x78 ./src/syscalls.o
                0x0000000000000594                _read_r
                0x00000000000005a4                _lseek_r
                0x00000000000005a8                _write_r
                0x00000000000005b8                _close_r
                0x00000000000005bc                _sbrk_r
                0x00000000000005f0                _fstat_r
                0x0000000000000608                _isatty_r
 .text          0x000000000000060c       0x9c /Users/jenswilly/Yagarto/yagarto-4.7.1/bin/../lib/gcc/arm-none-eabi/4.7.1/thumb/v6m/libgcc.a(_udivsi3.o)
                0x000000000000060c                __udivsi3
                0x000000000000060c                __aeabi_uidiv
                0x0000000000000694                __aeabi_uidivmod
 .text          0x00000000000006a8        0x4 /Users/jenswilly/Yagarto/yagarto-4.7.1/bin/../lib/gcc/arm-none-eabi/4.7.1/thumb/v6m/libgcc.a(_dvmd_tls.o)
                0x00000000000006a8                __aeabi_ldiv0
                0x00000000000006a8                __aeabi_idiv0
 .text          0x00000000000006ac        0xc /Users/jenswilly/Yagarto/yagarto-4.7.1/bin/../lib/gcc/arm-none-eabi/4.7.1/../../../../arm-none-eabi/lib/thumb/v6m/libc.a(lib_a-errno.o)
                0x00000000000006ac                __errno
 .text          0x00000000000006b8        0x0 /Users/jenswilly/Yagarto/yagarto-4.7.1/bin/../lib/gcc/arm-none-eabi/4.7.1/../../../../arm-none-eabi/lib/thumb/v6m/libc.a(lib_a-impure.o)
 .text          0x00000000000006b8       0x40 /Users/jenswilly/Yagarto/yagarto-4.7.1/bin/../lib/gcc/arm-none-eabi/4.7.1/../../../../arm-none-eabi/lib/thumb/v6m/libc.a(lib_a-iprintf.o)
                0x00000000000006b8                iprintf
                0x00000000000006dc                _iprintf_r
 .text          0x00000000000006f8       0x90 /Users/jenswilly/Yagarto/yagarto-4.7.1/bin/../lib/gcc/arm-none-eabi/4.7.1/../../../../arm-none-eabi/lib/thumb/v6m/libc.a(lib_a-memset.o)
                0x00000000000006f8                memset
 .text          0x0000000000000788      0xa58 /Users/jenswilly/Yagarto/yagarto-4.7.1/bin/../lib/gcc/arm-none-eabi/4.7.1/../../../../arm-none-eabi/lib/thumb/v6m/libc.a(lib_a-vfiprintf.o)
                0x0000000000000788                __sprint_r
                0x0000000000000808                _vfiprintf_r
                0x00000000000011c4                vfiprintf
 .text          0x00000000000011e0       0xcc /Users/jenswilly/Yagarto/yagarto-4.7.1/bin/../lib/gcc/arm-none-eabi/4.7.1/../../../../arm-none-eabi/lib/thumb/v6m/libc.a(lib_a-wsetup.o)
                0x00000000000011e0                __swsetup_r
 .text          0x00000000000012ac      0x1a4 /Users/jenswilly/Yagarto/yagarto-4.7.1/bin/../lib/gcc/arm-none-eabi/4.7.1/../../../../arm-none-eabi/lib/thumb/v6m/libc.a(lib_a-fflush.o)
                0x00000000000012ac                __sflush_r
                0x00000000000013fc                _fflush_r
                0x0000000000001428                fflush
 .text          0x0000000000001450      0x1b8 /Users/jenswilly/Yagarto/yagarto-4.7.1/bin/../lib/gcc/arm-none-eabi/4.7.1/../../../../arm-none-eabi/lib/thumb/v6m/libc.a(lib_a-findfp.o)
                0x0000000000001458                _cleanup_r
                0x00000000000014b0                __sfmoreglue
                0x00000000000014dc                _cleanup
                0x00000000000014ec                __sinit
                0x000000000000153c                __sfp
                0x00000000000015c8                __sfp_lock_acquire
                0x00000000000015cc                __sfp_lock_release
                0x00000000000015d0                __sinit_lock_acquire
                0x00000000000015d4                __sinit_lock_release
                0x00000000000015d8                __fp_lock_all
                0x00000000000015f0                __fp_unlock_all
 .text          0x0000000000001608       0xfc /Users/jenswilly/Yagarto/yagarto-4.7.1/bin/../lib/gcc/arm-none-eabi/4.7.1/../../../../arm-none-eabi/lib/thumb/v6m/libc.a(lib_a-fputwc.o)
                0x0000000000001608                _fputwc_r
                0x00000000000016dc                fputwc
 .text          0x0000000000001704      0x230 /Users/jenswilly/Yagarto/yagarto-4.7.1/bin/../lib/gcc/arm-none-eabi/4.7.1/../../../../arm-none-eabi/lib/thumb/v6m/libc.a(lib_a-freer.o)
                0x0000000000001704                _malloc_trim_r
                0x00000000000017a4                _free_r
 .text          0x0000000000001934      0x2fc /Users/jenswilly/Yagarto/yagarto-4.7.1/bin/../lib/gcc/arm-none-eabi/4.7.1/../../../../arm-none-eabi/lib/thumb/v6m/libc.a(lib_a-fvwrite.o)
                0x0000000000001934                __sfvwrite_r
 .text          0x0000000000001c30       0xa4 /Users/jenswilly/Yagarto/yagarto-4.7.1/bin/../lib/gcc/arm-none-eabi/4.7.1/../../../../arm-none-eabi/lib/thumb/v6m/libc.a(lib_a-fwalk.o)
                0x0000000000001c30                _fwalk
                0x0000000000001c7c                _fwalk_reent
 .text          0x0000000000001cd4       0x98 /Users/jenswilly/Yagarto/yagarto-4.7.1/bin/../lib/gcc/arm-none-eabi/4.7.1/../../../../arm-none-eabi/lib/thumb/v6m/libc.a(lib_a-locale.o)
                0x0000000000001cd4                _setlocale_r
                0x0000000000001d18                __locale_charset
                0x0000000000001d20                __locale_mb_cur_max
                0x0000000000001d2c                __locale_msgcharset
                0x0000000000001d38                __locale_cjk_lang
                0x0000000000001d3c                _localeconv_r
                0x0000000000001d48                setlocale
                0x0000000000001d60                localeconv
 .text          0x0000000000001d6c       0xdc /Users/jenswilly/Yagarto/yagarto-4.7.1/bin/../lib/gcc/arm-none-eabi/4.7.1/../../../../arm-none-eabi/lib/thumb/v6m/libc.a(lib_a-makebuf.o)
                0x0000000000001d6c                __smakebuf_r
 .text          0x0000000000001e48      0x518 /Users/jenswilly/Yagarto/yagarto-4.7.1/bin/../lib/gcc/arm-none-eabi/4.7.1/../../../../arm-none-eabi/lib/thumb/v6m/libc.a(lib_a-mallocr.o)
                0x0000000000001e48                _malloc_r
 .text          0x0000000000002360       0x90 /Users/jenswilly/Yagarto/yagarto-4.7.1/bin/../lib/gcc/arm-none-eabi/4.7.1/../../../../arm-none-eabi/lib/thumb/v6m/libc.a(lib_a-memchr-stub.o)
                0x0000000000002360                memchr
 .text          0x00000000000023f0       0x8c /Users/jenswilly/Yagarto/yagarto-4.7.1/bin/../lib/gcc/arm-none-eabi/4.7.1/../../../../arm-none-eabi/lib/thumb/v6m/libc.a(lib_a-memcpy-stub.o)
                0x00000000000023f0                memcpy
 .text          0x000000000000247c       0xac /Users/jenswilly/Yagarto/yagarto-4.7.1/bin/../lib/gcc/arm-none-eabi/4.7.1/../../../../arm-none-eabi/lib/thumb/v6m/libc.a(lib_a-memmove.o)
                0x000000000000247c                memmove
 .text          0x0000000000002528        0x8 /Users/jenswilly/Yagarto/yagarto-4.7.1/bin/../lib/gcc/arm-none-eabi/4.7.1/../../../../arm-none-eabi/lib/thumb/v6m/libc.a(lib_a-mlock.o)
                0x0000000000002528                __malloc_lock
                0x000000000000252c                __malloc_unlock
 .text          0x0000000000002530      0x3e4 /Users/jenswilly/Yagarto/yagarto-4.7.1/bin/../lib/gcc/arm-none-eabi/4.7.1/../../../../arm-none-eabi/lib/thumb/v6m/libc.a(lib_a-reallocr.o)
                0x0000000000002530                _realloc_r
 .text          0x0000000000002914       0x9c /Users/jenswilly/Yagarto/yagarto-4.7.1/bin/../lib/gcc/arm-none-eabi/4.7.1/../../../../arm-none-eabi/lib/thumb/v6m/libc.a(lib_a-stdio.o)
                0x0000000000002914                __sread
                0x000000000000293c                __seofread
                0x0000000000002940                __swrite
                0x0000000000002978                __sseek
                0x00000000000029a4                __sclose
 .text          0x00000000000029b0       0x14 /Users/jenswilly/Yagarto/yagarto-4.7.1/bin/../lib/gcc/arm-none-eabi/4.7.1/../../../../arm-none-eabi/lib/thumb/v6m/libc.a(lib_a-strcmp.o)
                0x00000000000029b0                strcmp
 .text          0x00000000000029c4       0x10 /Users/jenswilly/Yagarto/yagarto-4.7.1/bin/../lib/gcc/arm-none-eabi/4.7.1/../../../../arm-none-eabi/lib/thumb/v6m/libc.a(lib_a-strlen.o)
                0x00000000000029c4                strlen
 .text          0x00000000000029d4       0xc8 /Users/jenswilly/Yagarto/yagarto-4.7.1/bin/../lib/gcc/arm-none-eabi/4.7.1/../../../../arm-none-eabi/lib/thumb/v6m/libc.a(lib_a-wbuf.o)
                0x00000000000029d4                __swbuf_r
                0x0000000000002a84                __swbuf
 .text          0x0000000000002a9c       0xc0 /Users/jenswilly/Yagarto/yagarto-4.7.1/bin/../lib/gcc/arm-none-eabi/4.7.1/../../../../arm-none-eabi/lib/thumb/v6m/libc.a(lib_a-wcrtomb.o)
                0x0000000000002a9c                _wcrtomb_r
                0x0000000000002af4                wcrtomb
 .text          0x0000000000002b5c       0x54 /Users/jenswilly/Yagarto/yagarto-4.7.1/bin/../lib/gcc/arm-none-eabi/4.7.1/../../../../arm-none-eabi/lib/thumb/v6m/libc.a(lib_a-wctomb_r.o)
                0x0000000000002b5c                __ascii_wctomb
                0x0000000000002b7c                _wctomb_r
 .text          0x0000000000002bb0       0xa0 /Users/jenswilly/Yagarto/yagarto-4.7.1/bin/../lib/gcc/arm-none-eabi/4.7.1/../../../../arm-none-eabi/lib/thumb/v6m/libc.a(lib_a-fclose.o)
                0x0000000000002bb0                _fclose_r
                0x0000000000002c3c                fclose
 *(.rodata .rodata.*)
 .rodata        0x0000000000002c50       0x3c ./cmsis/device/system_LPC11Uxx.o
 .rodata.str1.4
                0x0000000000002c8c       0x39 ./src/main.o
                                         0x3c (size before relaxing)
 *fill*         0x0000000000002cc5        0x3 00
 .rodata        0x0000000000002cc8        0x4 /Users/jenswilly/Yagarto/yagarto-4.7.1/bin/../lib/gcc/arm-none-eabi/4.7.1/../../../../arm-none-eabi/lib/thumb/v6m/libc.a(lib_a-impure.o)
                0x0000000000002cc8                _global_impure_ptr
 .rodata.str1.4
                0x0000000000002ccc        0x2 /Users/jenswilly/Yagarto/yagarto-4.7.1/bin/../lib/gcc/arm-none-eabi/4.7.1/../../../../arm-none-eabi/lib/thumb/v6m/libc.a(lib_a-impure.o)
                                          0x4 (size before relaxing)
 *fill*         0x0000000000002cce        0x2 00
 .rodata        0x0000000000002cd0      0x184 /Users/jenswilly/Yagarto/yagarto-4.7.1/bin/../lib/gcc/arm-none-eabi/4.7.1/../../../../arm-none-eabi/lib/thumb/v6m/libc.a(lib_a-vfiprintf.o)
 .rodata.str1.4
                0x0000000000002e54       0x2f /Users/jenswilly/Yagarto/yagarto-4.7.1/bin/../lib/gcc/arm-none-eabi/4.7.1/../../../../arm-none-eabi/lib/thumb/v6m/libc.a(lib_a-vfiprintf.o)
                                         0x30 (size before relaxing)
 *fill*         0x0000000000002e83        0x1 00
 .rodata.str1.4
                0x0000000000002e84        0xc /Users/jenswilly/Yagarto/yagarto-4.7.1/bin/../lib/gcc/arm-none-eabi/4.7.1/../../../../arm-none-eabi/lib/thumb/v6m/libc.a(lib_a-locale.o)
                                         0x14 (size before relaxing)
                0x0000000000002e90                . = ALIGN (0x4)

.glue_7         0x0000000000002e90        0x0
 .glue_7        0x0000000000000000        0x0 linker stubs

.glue_7t        0x0000000000002e90        0x0
 .glue_7t       0x0000000000000000        0x0 linker stubs

.vfp11_veneer   0x0000000000002e90        0x0
 .vfp11_veneer  0x0000000000000000        0x0 linker stubs

.v4_bx          0x0000000000002e90        0x0
 .v4_bx         0x0000000000000000        0x0 linker stubs

.iplt           0x0000000000002e90        0x0
 .iplt          0x0000000000000000        0x0 ./cmsis/device/system_LPC11Uxx.o

.rel.dyn        0x0000000000002e90        0x0
 .rel.iplt      0x0000000000000000        0x0 ./cmsis/device/system_LPC11Uxx.o

.ARM.extab
 *(.ARM.extab* .gnu.linkonce.armextab.*)
                0x0000000000002e90                __exidx_start = .

.ARM.exidx
 *(.ARM.exidx* .gnu.linkonce.armexidx.*)
                0x0000000000002e90                __exidx_end = .
                0x0000000000002e90                _etext = .

.data_RAM2      0x0000000020004000        0x0 load address 0x0000000000002e90
 FILL mask 0xff
 *(.data.$RAM2*)
 *(.data.$RamUsb2*)
                0x0000000020004000                . = ALIGN (0x4)

.uninit_RESERVED
 *(.bss.$RESERVED*)

.data           0x00000000100000c0      0x8c8 load address 0x0000000000002e90
 FILL mask 0xff
                0x00000000100000c0                _data = .
 *(vtable)
 *(.data*)
 .data          0x00000000100000c0        0x0 ./cmsis/core/core_cm0.o
 .data          0x00000000100000c0        0x4 ./cmsis/device/system_LPC11Uxx.o
                0x00000000100000c0                SystemCoreClock
 .data          0x00000000100000c4        0x0 ./src/startup_LPC11U24.o
 .data          0x00000000100000c4        0x1 ./src/uart.o
                0x00000000100000c4                UARTTxEmpty
 .data          0x00000000100000c5        0x0 ./src/main.o
 .data          0x00000000100000c5        0x0 ./src/syscalls.o
 .data          0x00000000100000c5        0x0 /Users/jenswilly/Yagarto/yagarto-4.7.1/bin/../lib/gcc/arm-none-eabi/4.7.1/thumb/v6m/libgcc.a(_udivsi3.o)
 .data          0x00000000100000c5        0x0 /Users/jenswilly/Yagarto/yagarto-4.7.1/bin/../lib/gcc/arm-none-eabi/4.7.1/thumb/v6m/libgcc.a(_dvmd_tls.o)
 .data          0x00000000100000c5        0x0 /Users/jenswilly/Yagarto/yagarto-4.7.1/bin/../lib/gcc/arm-none-eabi/4.7.1/../../../../arm-none-eabi/lib/thumb/v6m/libc.a(lib_a-errno.o)
 *fill*         0x00000000100000c5        0x3 00
 .data          0x00000000100000c8      0x430 /Users/jenswilly/Yagarto/yagarto-4.7.1/bin/../lib/gcc/arm-none-eabi/4.7.1/../../../../arm-none-eabi/lib/thumb/v6m/libc.a(lib_a-impure.o)
                0x00000000100000c8                _impure_ptr
 .data          0x00000000100004f8        0x0 /Users/jenswilly/Yagarto/yagarto-4.7.1/bin/../lib/gcc/arm-none-eabi/4.7.1/../../../../arm-none-eabi/lib/thumb/v6m/libc.a(lib_a-iprintf.o)
 .data          0x00000000100004f8        0x0 /Users/jenswilly/Yagarto/yagarto-4.7.1/bin/../lib/gcc/arm-none-eabi/4.7.1/../../../../arm-none-eabi/lib/thumb/v6m/libc.a(lib_a-memset.o)
 .data          0x00000000100004f8        0x0 /Users/jenswilly/Yagarto/yagarto-4.7.1/bin/../lib/gcc/arm-none-eabi/4.7.1/../../../../arm-none-eabi/lib/thumb/v6m/libc.a(lib_a-vfiprintf.o)
 .data          0x00000000100004f8        0x0 /Users/jenswilly/Yagarto/yagarto-4.7.1/bin/../lib/gcc/arm-none-eabi/4.7.1/../../../../arm-none-eabi/lib/thumb/v6m/libc.a(lib_a-wsetup.o)
 .data          0x00000000100004f8        0x0 /Users/jenswilly/Yagarto/yagarto-4.7.1/bin/../lib/gcc/arm-none-eabi/4.7.1/../../../../arm-none-eabi/lib/thumb/v6m/libc.a(lib_a-fflush.o)
 .data          0x00000000100004f8        0x0 /Users/jenswilly/Yagarto/yagarto-4.7.1/bin/../lib/gcc/arm-none-eabi/4.7.1/../../../../arm-none-eabi/lib/thumb/v6m/libc.a(lib_a-findfp.o)
 .data          0x00000000100004f8        0x0 /Users/jenswilly/Yagarto/yagarto-4.7.1/bin/../lib/gcc/arm-none-eabi/4.7.1/../../../../arm-none-eabi/lib/thumb/v6m/libc.a(lib_a-fputwc.o)
 .data          0x00000000100004f8        0x0 /Users/jenswilly/Yagarto/yagarto-4.7.1/bin/../lib/gcc/arm-none-eabi/4.7.1/../../../../arm-none-eabi/lib/thumb/v6m/libc.a(lib_a-freer.o)
 .data          0x00000000100004f8        0x0 /Users/jenswilly/Yagarto/yagarto-4.7.1/bin/../lib/gcc/arm-none-eabi/4.7.1/../../../../arm-none-eabi/lib/thumb/v6m/libc.a(lib_a-fvwrite.o)
 .data          0x00000000100004f8        0x0 /Users/jenswilly/Yagarto/yagarto-4.7.1/bin/../lib/gcc/arm-none-eabi/4.7.1/../../../../arm-none-eabi/lib/thumb/v6m/libc.a(lib_a-fwalk.o)
 .data          0x00000000100004f8       0x7c /Users/jenswilly/Yagarto/yagarto-4.7.1/bin/../lib/gcc/arm-none-eabi/4.7.1/../../../../arm-none-eabi/lib/thumb/v6m/libc.a(lib_a-locale.o)
                0x0000000010000518                __mb_cur_max
 .data          0x0000000010000574        0x0 /Users/jenswilly/Yagarto/yagarto-4.7.1/bin/../lib/gcc/arm-none-eabi/4.7.1/../../../../arm-none-eabi/lib/thumb/v6m/libc.a(lib_a-makebuf.o)
 .data          0x0000000010000574      0x410 /Users/jenswilly/Yagarto/yagarto-4.7.1/bin/../lib/gcc/arm-none-eabi/4.7.1/../../../../arm-none-eabi/lib/thumb/v6m/libc.a(lib_a-mallocr.o)
                0x0000000010000574                __malloc_av_
                0x000000001000097c                __malloc_sbrk_base
                0x0000000010000980                __malloc_trim_threshold
 .data          0x0000000010000984        0x0 /Users/jenswilly/Yagarto/yagarto-4.7.1/bin/../lib/gcc/arm-none-eabi/4.7.1/../../../../arm-none-eabi/lib/thumb/v6m/libc.a(lib_a-memchr-stub.o)
 .data          0x0000000010000984        0x0 /Users/jenswilly/Yagarto/yagarto-4.7.1/bin/../lib/gcc/arm-none-eabi/4.7.1/../../../../arm-none-eabi/lib/thumb/v6m/libc.a(lib_a-memcpy-stub.o)
 .data          0x0000000010000984        0x0 /Users/jenswilly/Yagarto/yagarto-4.7.1/bin/../lib/gcc/arm-none-eabi/4.7.1/../../../../arm-none-eabi/lib/thumb/v6m/libc.a(lib_a-memmove.o)
 .data          0x0000000010000984        0x0 /Users/jenswilly/Yagarto/yagarto-4.7.1/bin/../lib/gcc/arm-none-eabi/4.7.1/../../../../arm-none-eabi/lib/thumb/v6m/libc.a(lib_a-mlock.o)
 .data          0x0000000010000984        0x0 /Users/jenswilly/Yagarto/yagarto-4.7.1/bin/../lib/gcc/arm-none-eabi/4.7.1/../../../../arm-none-eabi/lib/thumb/v6m/libc.a(lib_a-reallocr.o)
 .data          0x0000000010000984        0x0 /Users/jenswilly/Yagarto/yagarto-4.7.1/bin/../lib/gcc/arm-none-eabi/4.7.1/../../../../arm-none-eabi/lib/thumb/v6m/libc.a(lib_a-stdio.o)
 .data          0x0000000010000984        0x0 /Users/jenswilly/Yagarto/yagarto-4.7.1/bin/../lib/gcc/arm-none-eabi/4.7.1/../../../../arm-none-eabi/lib/thumb/v6m/libc.a(lib_a-strcmp.o)
 .data          0x0000000010000984        0x0 /Users/jenswilly/Yagarto/yagarto-4.7.1/bin/../lib/gcc/arm-none-eabi/4.7.1/../../../../arm-none-eabi/lib/thumb/v6m/libc.a(lib_a-strlen.o)
 .data          0x0000000010000984        0x0 /Users/jenswilly/Yagarto/yagarto-4.7.1/bin/../lib/gcc/arm-none-eabi/4.7.1/../../../../arm-none-eabi/lib/thumb/v6m/libc.a(lib_a-wbuf.o)
 .data          0x0000000010000984        0x0 /Users/jenswilly/Yagarto/yagarto-4.7.1/bin/../lib/gcc/arm-none-eabi/4.7.1/../../../../arm-none-eabi/lib/thumb/v6m/libc.a(lib_a-wcrtomb.o)
 .data          0x0000000010000984        0x4 /Users/jenswilly/Yagarto/yagarto-4.7.1/bin/../lib/gcc/arm-none-eabi/4.7.1/../../../../arm-none-eabi/lib/thumb/v6m/libc.a(lib_a-wctomb_r.o)
                0x0000000010000984                __wctomb
 .data          0x0000000010000988        0x0 /Users/jenswilly/Yagarto/yagarto-4.7.1/bin/../lib/gcc/arm-none-eabi/4.7.1/../../../../arm-none-eabi/lib/thumb/v6m/libc.a(lib_a-fclose.o)
                0x0000000010000988                . = ALIGN (0x4)
                0x0000000010000988                _edata = .

.igot.plt       0x0000000010000988        0x0 load address 0x0000000000003758
 .igot.plt      0x0000000000000000        0x0 ./cmsis/device/system_LPC11Uxx.o

.bss_RAM2       0x0000000020004000        0x0
 *(.bss.$RAM2*)
 *(.bss.$RamUsb2*)
                0x0000000020004000                . = ALIGN (0x4)

.bss            0x0000000010000988       0xf8
                0x0000000010000988                _bss = .
 *(.bss*)
 .bss           0x0000000010000988        0x0 ./cmsis/core/core_cm0.o
 .bss           0x0000000010000988        0x0 ./cmsis/device/system_LPC11Uxx.o
 .bss           0x0000000010000988        0x0 ./src/startup_LPC11U24.o
 .bss           0x0000000010000988        0x4 ./src/uart.o
                0x0000000010000988                UARTCount
 .bss           0x000000001000098c        0x8 ./src/main.o
                0x000000001000098c                freq
                0x0000000010000990                UARTbufferPtr
 .bss           0x0000000010000994        0x4 ./src/syscalls.o
 .bss           0x0000000010000998        0x0 /Users/jenswilly/Yagarto/yagarto-4.7.1/bin/../lib/gcc/arm-none-eabi/4.7.1/thumb/v6m/libgcc.a(_udivsi3.o)
 .bss           0x0000000010000998        0x0 /Users/jenswilly/Yagarto/yagarto-4.7.1/bin/../lib/gcc/arm-none-eabi/4.7.1/thumb/v6m/libgcc.a(_dvmd_tls.o)
 .bss           0x0000000010000998        0x0 /Users/jenswilly/Yagarto/yagarto-4.7.1/bin/../lib/gcc/arm-none-eabi/4.7.1/../../../../arm-none-eabi/lib/thumb/v6m/libc.a(lib_a-errno.o)
 .bss           0x0000000010000998        0x0 /Users/jenswilly/Yagarto/yagarto-4.7.1/bin/../lib/gcc/arm-none-eabi/4.7.1/../../../../arm-none-eabi/lib/thumb/v6m/libc.a(lib_a-impure.o)
 .bss           0x0000000010000998        0x0 /Users/jenswilly/Yagarto/yagarto-4.7.1/bin/../lib/gcc/arm-none-eabi/4.7.1/../../../../arm-none-eabi/lib/thumb/v6m/libc.a(lib_a-iprintf.o)
 .bss           0x0000000010000998        0x0 /Users/jenswilly/Yagarto/yagarto-4.7.1/bin/../lib/gcc/arm-none-eabi/4.7.1/../../../../arm-none-eabi/lib/thumb/v6m/libc.a(lib_a-memset.o)
 .bss           0x0000000010000998        0x0 /Users/jenswilly/Yagarto/yagarto-4.7.1/bin/../lib/gcc/arm-none-eabi/4.7.1/../../../../arm-none-eabi/lib/thumb/v6m/libc.a(lib_a-vfiprintf.o)
 .bss           0x0000000010000998        0x0 /Users/jenswilly/Yagarto/yagarto-4.7.1/bin/../lib/gcc/arm-none-eabi/4.7.1/../../../../arm-none-eabi/lib/thumb/v6m/libc.a(lib_a-wsetup.o)
 .bss           0x0000000010000998        0x0 /Users/jenswilly/Yagarto/yagarto-4.7.1/bin/../lib/gcc/arm-none-eabi/4.7.1/../../../../arm-none-eabi/lib/thumb/v6m/libc.a(lib_a-fflush.o)
 .bss           0x0000000010000998        0x0 /Users/jenswilly/Yagarto/yagarto-4.7.1/bin/../lib/gcc/arm-none-eabi/4.7.1/../../../../arm-none-eabi/lib/thumb/v6m/libc.a(lib_a-findfp.o)
 .bss           0x0000000010000998        0x0 /Users/jenswilly/Yagarto/yagarto-4.7.1/bin/../lib/gcc/arm-none-eabi/4.7.1/../../../../arm-none-eabi/lib/thumb/v6m/libc.a(lib_a-fputwc.o)
 .bss           0x0000000010000998        0x0 /Users/jenswilly/Yagarto/yagarto-4.7.1/bin/../lib/gcc/arm-none-eabi/4.7.1/../../../../arm-none-eabi/lib/thumb/v6m/libc.a(lib_a-freer.o)
 .bss           0x0000000010000998        0x0 /Users/jenswilly/Yagarto/yagarto-4.7.1/bin/../lib/gcc/arm-none-eabi/4.7.1/../../../../arm-none-eabi/lib/thumb/v6m/libc.a(lib_a-fvwrite.o)
 .bss           0x0000000010000998        0x0 /Users/jenswilly/Yagarto/yagarto-4.7.1/bin/../lib/gcc/arm-none-eabi/4.7.1/../../../../arm-none-eabi/lib/thumb/v6m/libc.a(lib_a-fwalk.o)
 .bss           0x0000000010000998        0xc /Users/jenswilly/Yagarto/yagarto-4.7.1/bin/../lib/gcc/arm-none-eabi/4.7.1/../../../../arm-none-eabi/lib/thumb/v6m/libc.a(lib_a-locale.o)
                0x0000000010000998                _PathLocale
                0x000000001000099c                __mlocale_changed
                0x00000000100009a0                __nlocale_changed
 .bss           0x00000000100009a4        0x0 /Users/jenswilly/Yagarto/yagarto-4.7.1/bin/../lib/gcc/arm-none-eabi/4.7.1/../../../../arm-none-eabi/lib/thumb/v6m/libc.a(lib_a-makebuf.o)
 .bss           0x00000000100009a4       0x34 /Users/jenswilly/Yagarto/yagarto-4.7.1/bin/../lib/gcc/arm-none-eabi/4.7.1/../../../../arm-none-eabi/lib/thumb/v6m/libc.a(lib_a-mallocr.o)
                0x00000000100009a4                __malloc_top_pad
                0x00000000100009a8                __malloc_current_mallinfo
                0x00000000100009d0                __malloc_max_sbrked_mem
                0x00000000100009d4                __malloc_max_total_mem
 .bss           0x00000000100009d8        0x0 /Users/jenswilly/Yagarto/yagarto-4.7.1/bin/../lib/gcc/arm-none-eabi/4.7.1/../../../../arm-none-eabi/lib/thumb/v6m/libc.a(lib_a-memchr-stub.o)
 .bss           0x00000000100009d8        0x0 /Users/jenswilly/Yagarto/yagarto-4.7.1/bin/../lib/gcc/arm-none-eabi/4.7.1/../../../../arm-none-eabi/lib/thumb/v6m/libc.a(lib_a-memcpy-stub.o)
 .bss           0x00000000100009d8        0x0 /Users/jenswilly/Yagarto/yagarto-4.7.1/bin/../lib/gcc/arm-none-eabi/4.7.1/../../../../arm-none-eabi/lib/thumb/v6m/libc.a(lib_a-memmove.o)
 .bss           0x00000000100009d8        0x0 /Users/jenswilly/Yagarto/yagarto-4.7.1/bin/../lib/gcc/arm-none-eabi/4.7.1/../../../../arm-none-eabi/lib/thumb/v6m/libc.a(lib_a-mlock.o)
 .bss           0x00000000100009d8        0x0 /Users/jenswilly/Yagarto/yagarto-4.7.1/bin/../lib/gcc/arm-none-eabi/4.7.1/../../../../arm-none-eabi/lib/thumb/v6m/libc.a(lib_a-reallocr.o)
 .bss           0x00000000100009d8        0x0 /Users/jenswilly/Yagarto/yagarto-4.7.1/bin/../lib/gcc/arm-none-eabi/4.7.1/../../../../arm-none-eabi/lib/thumb/v6m/libc.a(lib_a-stdio.o)
 .bss           0x00000000100009d8        0x0 /Users/jenswilly/Yagarto/yagarto-4.7.1/bin/../lib/gcc/arm-none-eabi/4.7.1/../../../../arm-none-eabi/lib/thumb/v6m/libc.a(lib_a-strcmp.o)
 .bss           0x00000000100009d8        0x0 /Users/jenswilly/Yagarto/yagarto-4.7.1/bin/../lib/gcc/arm-none-eabi/4.7.1/../../../../arm-none-eabi/lib/thumb/v6m/libc.a(lib_a-strlen.o)
 .bss           0x00000000100009d8        0x0 /Users/jenswilly/Yagarto/yagarto-4.7.1/bin/../lib/gcc/arm-none-eabi/4.7.1/../../../../arm-none-eabi/lib/thumb/v6m/libc.a(lib_a-wbuf.o)
 .bss           0x00000000100009d8        0x0 /Users/jenswilly/Yagarto/yagarto-4.7.1/bin/../lib/gcc/arm-none-eabi/4.7.1/../../../../arm-none-eabi/lib/thumb/v6m/libc.a(lib_a-wcrtomb.o)
 .bss           0x00000000100009d8        0x0 /Users/jenswilly/Yagarto/yagarto-4.7.1/bin/../lib/gcc/arm-none-eabi/4.7.1/../../../../arm-none-eabi/lib/thumb/v6m/libc.a(lib_a-wctomb_r.o)
 .bss           0x00000000100009d8        0x0 /Users/jenswilly/Yagarto/yagarto-4.7.1/bin/../lib/gcc/arm-none-eabi/4.7.1/../../../../arm-none-eabi/lib/thumb/v6m/libc.a(lib_a-fclose.o)
 *(COMMON)
 COMMON         0x00000000100009d8       0x44 ./src/uart.o
                0x00000000100009d8                UARTBuffer
                0x0000000010000a18                UARTStatus
 COMMON         0x0000000010000a1c       0x64 ./src/main.o
                0x0000000010000a1c                UARTbuffer
                0x0000000010000a80                . = ALIGN (0x4)
                0x0000000010000a80                _ebss = .
                0x0000000010000a80                PROVIDE (end, .)
                0x0000000010000a80                PROVIDE (_pvHeapStart, .)
                0x0000000010001000                PROVIDE (_vStackTop, (__top_RamLoc4 - 0x0))
OUTPUT(tcs3200.elf elf32-littlearm)

.comment        0x0000000000000000       0x11
 .comment       0x0000000000000000       0x11 ./cmsis/core/core_cm0.o
                                         0x12 (size before relaxing)
 .comment       0x0000000000000000       0x12 ./cmsis/device/system_LPC11Uxx.o
 .comment       0x0000000000000000       0x12 ./src/startup_LPC11U24.o
 .comment       0x0000000000000000       0x12 ./src/uart.o
 .comment       0x0000000000000000       0x12 ./src/main.o
 .comment       0x0000000000000000       0x12 ./src/syscalls.o
 .comment       0x0000000000000000       0x12 /Users/jenswilly/Yagarto/yagarto-4.7.1/bin/../lib/gcc/arm-none-eabi/4.7.1/../../../../arm-none-eabi/lib/thumb/v6m/libc.a(lib_a-errno.o)
 .comment       0x0000000000000000       0x12 /Users/jenswilly/Yagarto/yagarto-4.7.1/bin/../lib/gcc/arm-none-eabi/4.7.1/../../../../arm-none-eabi/lib/thumb/v6m/libc.a(lib_a-impure.o)
 .comment       0x0000000000000000       0x12 /Users/jenswilly/Yagarto/yagarto-4.7.1/bin/../lib/gcc/arm-none-eabi/4.7.1/../../../../arm-none-eabi/lib/thumb/v6m/libc.a(lib_a-iprintf.o)
 .comment       0x0000000000000000       0x12 /Users/jenswilly/Yagarto/yagarto-4.7.1/bin/../lib/gcc/arm-none-eabi/4.7.1/../../../../arm-none-eabi/lib/thumb/v6m/libc.a(lib_a-memset.o)
 .comment       0x0000000000000000       0x12 /Users/jenswilly/Yagarto/yagarto-4.7.1/bin/../lib/gcc/arm-none-eabi/4.7.1/../../../../arm-none-eabi/lib/thumb/v6m/libc.a(lib_a-vfiprintf.o)
 .comment       0x0000000000000000       0x12 /Users/jenswilly/Yagarto/yagarto-4.7.1/bin/../lib/gcc/arm-none-eabi/4.7.1/../../../../arm-none-eabi/lib/thumb/v6m/libc.a(lib_a-wsetup.o)
 .comment       0x0000000000000000       0x12 /Users/jenswilly/Yagarto/yagarto-4.7.1/bin/../lib/gcc/arm-none-eabi/4.7.1/../../../../arm-none-eabi/lib/thumb/v6m/libc.a(lib_a-fflush.o)
 .comment       0x0000000000000000       0x12 /Users/jenswilly/Yagarto/yagarto-4.7.1/bin/../lib/gcc/arm-none-eabi/4.7.1/../../../../arm-none-eabi/lib/thumb/v6m/libc.a(lib_a-findfp.o)
 .comment       0x0000000000000000       0x12 /Users/jenswilly/Yagarto/yagarto-4.7.1/bin/../lib/gcc/arm-none-eabi/4.7.1/../../../../arm-none-eabi/lib/thumb/v6m/libc.a(lib_a-fputwc.o)
 .comment       0x0000000000000000       0x12 /Users/jenswilly/Yagarto/yagarto-4.7.1/bin/../lib/gcc/arm-none-eabi/4.7.1/../../../../arm-none-eabi/lib/thumb/v6m/libc.a(lib_a-freer.o)
 .comment       0x0000000000000000       0x12 /Users/jenswilly/Yagarto/yagarto-4.7.1/bin/../lib/gcc/arm-none-eabi/4.7.1/../../../../arm-none-eabi/lib/thumb/v6m/libc.a(lib_a-fvwrite.o)
 .comment       0x0000000000000000       0x12 /Users/jenswilly/Yagarto/yagarto-4.7.1/bin/../lib/gcc/arm-none-eabi/4.7.1/../../../../arm-none-eabi/lib/thumb/v6m/libc.a(lib_a-fwalk.o)
 .comment       0x0000000000000000       0x12 /Users/jenswilly/Yagarto/yagarto-4.7.1/bin/../lib/gcc/arm-none-eabi/4.7.1/../../../../arm-none-eabi/lib/thumb/v6m/libc.a(lib_a-locale.o)
 .comment       0x0000000000000000       0x12 /Users/jenswilly/Yagarto/yagarto-4.7.1/bin/../lib/gcc/arm-none-eabi/4.7.1/../../../../arm-none-eabi/lib/thumb/v6m/libc.a(lib_a-makebuf.o)
 .comment       0x0000000000000000       0x12 /Users/jenswilly/Yagarto/yagarto-4.7.1/bin/../lib/gcc/arm-none-eabi/4.7.1/../../../../arm-none-eabi/lib/thumb/v6m/libc.a(lib_a-mallocr.o)
 .comment       0x0000000000000000       0x12 /Users/jenswilly/Yagarto/yagarto-4.7.1/bin/../lib/gcc/arm-none-eabi/4.7.1/../../../../arm-none-eabi/lib/thumb/v6m/libc.a(lib_a-memchr-stub.o)
 .comment       0x0000000000000000       0x12 /Users/jenswilly/Yagarto/yagarto-4.7.1/bin/../lib/gcc/arm-none-eabi/4.7.1/../../../../arm-none-eabi/lib/thumb/v6m/libc.a(lib_a-memcpy-stub.o)
 .comment       0x0000000000000000       0x12 /Users/jenswilly/Yagarto/yagarto-4.7.1/bin/../lib/gcc/arm-none-eabi/4.7.1/../../../../arm-none-eabi/lib/thumb/v6m/libc.a(lib_a-memmove.o)
 .comment       0x0000000000000000       0x12 /Users/jenswilly/Yagarto/yagarto-4.7.1/bin/../lib/gcc/arm-none-eabi/4.7.1/../../../../arm-none-eabi/lib/thumb/v6m/libc.a(lib_a-mlock.o)
 .comment       0x0000000000000000       0x12 /Users/jenswilly/Yagarto/yagarto-4.7.1/bin/../lib/gcc/arm-none-eabi/4.7.1/../../../../arm-none-eabi/lib/thumb/v6m/libc.a(lib_a-reallocr.o)
 .comment       0x0000000000000000       0x12 /Users/jenswilly/Yagarto/yagarto-4.7.1/bin/../lib/gcc/arm-none-eabi/4.7.1/../../../../arm-none-eabi/lib/thumb/v6m/libc.a(lib_a-stdio.o)
 .comment       0x0000000000000000       0x12 /Users/jenswilly/Yagarto/yagarto-4.7.1/bin/../lib/gcc/arm-none-eabi/4.7.1/../../../../arm-none-eabi/lib/thumb/v6m/libc.a(lib_a-strcmp.o)
 .comment       0x0000000000000000       0x12 /Users/jenswilly/Yagarto/yagarto-4.7.1/bin/../lib/gcc/arm-none-eabi/4.7.1/../../../../arm-none-eabi/lib/thumb/v6m/libc.a(lib_a-strlen.o)
 .comment       0x0000000000000000       0x12 /Users/jenswilly/Yagarto/yagarto-4.7.1/bin/../lib/gcc/arm-none-eabi/4.7.1/../../../../arm-none-eabi/lib/thumb/v6m/libc.a(lib_a-wbuf.o)
 .comment       0x0000000000000000       0x12 /Users/jenswilly/Yagarto/yagarto-4.7.1/bin/../lib/gcc/arm-none-eabi/4.7.1/../../../../arm-none-eabi/lib/thumb/v6m/libc.a(lib_a-wcrtomb.o)
 .comment       0x0000000000000000       0x12 /Users/jenswilly/Yagarto/yagarto-4.7.1/bin/../lib/gcc/arm-none-eabi/4.7.1/../../../../arm-none-eabi/lib/thumb/v6m/libc.a(lib_a-wctomb_r.o)
 .comment       0x0000000000000000       0x12 /Users/jenswilly/Yagarto/yagarto-4.7.1/bin/../lib/gcc/arm-none-eabi/4.7.1/../../../../arm-none-eabi/lib/thumb/v6m/libc.a(lib_a-fclose.o)

.ARM.attributes
                0x0000000000000000       0x33
 .ARM.attributes
                0x0000000000000000       0x33 ./cmsis/core/core_cm0.o
 .ARM.attributes
                0x0000000000000033       0x33 ./cmsis/device/system_LPC11Uxx.o
 .ARM.attributes
                0x0000000000000066       0x33 ./src/startup_LPC11U24.o
 .ARM.attributes
                0x0000000000000099       0x33 ./src/uart.o
 .ARM.attributes
                0x00000000000000cc       0x33 ./src/main.o
 .ARM.attributes
                0x00000000000000ff       0x33 ./src/syscalls.o
 .ARM.attributes
                0x0000000000000132       0x1f /Users/jenswilly/Yagarto/yagarto-4.7.1/bin/../lib/gcc/arm-none-eabi/4.7.1/thumb/v6m/libgcc.a(_udivsi3.o)
 .ARM.attributes
                0x0000000000000151       0x1f /Users/jenswilly/Yagarto/yagarto-4.7.1/bin/../lib/gcc/arm-none-eabi/4.7.1/thumb/v6m/libgcc.a(_dvmd_tls.o)
 .ARM.attributes
                0x0000000000000170       0x2d /Users/jenswilly/Yagarto/yagarto-4.7.1/bin/../lib/gcc/arm-none-eabi/4.7.1/../../../../arm-none-eabi/lib/thumb/v6m/libc.a(lib_a-errno.o)
 .ARM.attributes
                0x000000000000019d       0x2d /Users/jenswilly/Yagarto/yagarto-4.7.1/bin/../lib/gcc/arm-none-eabi/4.7.1/../../../../arm-none-eabi/lib/thumb/v6m/libc.a(lib_a-impure.o)
 .ARM.attributes
                0x00000000000001ca       0x2d /Users/jenswilly/Yagarto/yagarto-4.7.1/bin/../lib/gcc/arm-none-eabi/4.7.1/../../../../arm-none-eabi/lib/thumb/v6m/libc.a(lib_a-iprintf.o)
 .ARM.attributes
                0x00000000000001f7       0x2d /Users/jenswilly/Yagarto/yagarto-4.7.1/bin/../lib/gcc/arm-none-eabi/4.7.1/../../../../arm-none-eabi/lib/thumb/v6m/libc.a(lib_a-memset.o)
 .ARM.attributes
                0x0000000000000224       0x2d /Users/jenswilly/Yagarto/yagarto-4.7.1/bin/../lib/gcc/arm-none-eabi/4.7.1/../../../../arm-none-eabi/lib/thumb/v6m/libc.a(lib_a-vfiprintf.o)
 .ARM.attributes
                0x0000000000000251       0x2d /Users/jenswilly/Yagarto/yagarto-4.7.1/bin/../lib/gcc/arm-none-eabi/4.7.1/../../../../arm-none-eabi/lib/thumb/v6m/libc.a(lib_a-wsetup.o)
 .ARM.attributes
                0x000000000000027e       0x2d /Users/jenswilly/Yagarto/yagarto-4.7.1/bin/../lib/gcc/arm-none-eabi/4.7.1/../../../../arm-none-eabi/lib/thumb/v6m/libc.a(lib_a-fflush.o)
 .ARM.attributes
                0x00000000000002ab       0x2d /Users/jenswilly/Yagarto/yagarto-4.7.1/bin/../lib/gcc/arm-none-eabi/4.7.1/../../../../arm-none-eabi/lib/thumb/v6m/libc.a(lib_a-findfp.o)
 .ARM.attributes
                0x00000000000002d8       0x2d /Users/jenswilly/Yagarto/yagarto-4.7.1/bin/../lib/gcc/arm-none-eabi/4.7.1/../../../../arm-none-eabi/lib/thumb/v6m/libc.a(lib_a-fputwc.o)
 .ARM.attributes
                0x0000000000000305       0x2d /Users/jenswilly/Yagarto/yagarto-4.7.1/bin/../lib/gcc/arm-none-eabi/4.7.1/../../../../arm-none-eabi/lib/thumb/v6m/libc.a(lib_a-freer.o)
 .ARM.attributes
                0x0000000000000332       0x2d /Users/jenswilly/Yagarto/yagarto-4.7.1/bin/../lib/gcc/arm-none-eabi/4.7.1/../../../../arm-none-eabi/lib/thumb/v6m/libc.a(lib_a-fvwrite.o)
 .ARM.attributes
                0x000000000000035f       0x2d /Users/jenswilly/Yagarto/yagarto-4.7.1/bin/../lib/gcc/arm-none-eabi/4.7.1/../../../../arm-none-eabi/lib/thumb/v6m/libc.a(lib_a-fwalk.o)
 .ARM.attributes
                0x000000000000038c       0x2d /Users/jenswilly/Yagarto/yagarto-4.7.1/bin/../lib/gcc/arm-none-eabi/4.7.1/../../../../arm-none-eabi/lib/thumb/v6m/libc.a(lib_a-locale.o)
 .ARM.attributes
                0x00000000000003b9       0x2d /Users/jenswilly/Yagarto/yagarto-4.7.1/bin/../lib/gcc/arm-none-eabi/4.7.1/../../../../arm-none-eabi/lib/thumb/v6m/libc.a(lib_a-makebuf.o)
 .ARM.attributes
                0x00000000000003e6       0x2d /Users/jenswilly/Yagarto/yagarto-4.7.1/bin/../lib/gcc/arm-none-eabi/4.7.1/../../../../arm-none-eabi/lib/thumb/v6m/libc.a(lib_a-mallocr.o)
 .ARM.attributes
                0x0000000000000413       0x2d /Users/jenswilly/Yagarto/yagarto-4.7.1/bin/../lib/gcc/arm-none-eabi/4.7.1/../../../../arm-none-eabi/lib/thumb/v6m/libc.a(lib_a-memchr-stub.o)
 .ARM.attributes
                0x0000000000000440       0x2d /Users/jenswilly/Yagarto/yagarto-4.7.1/bin/../lib/gcc/arm-none-eabi/4.7.1/../../../../arm-none-eabi/lib/thumb/v6m/libc.a(lib_a-memcpy-stub.o)
 .ARM.attributes
                0x000000000000046d       0x2d /Users/jenswilly/Yagarto/yagarto-4.7.1/bin/../lib/gcc/arm-none-eabi/4.7.1/../../../../arm-none-eabi/lib/thumb/v6m/libc.a(lib_a-memmove.o)
 .ARM.attributes
                0x000000000000049a       0x2d /Users/jenswilly/Yagarto/yagarto-4.7.1/bin/../lib/gcc/arm-none-eabi/4.7.1/../../../../arm-none-eabi/lib/thumb/v6m/libc.a(lib_a-mlock.o)
 .ARM.attributes
                0x00000000000004c7       0x2d /Users/jenswilly/Yagarto/yagarto-4.7.1/bin/../lib/gcc/arm-none-eabi/4.7.1/../../../../arm-none-eabi/lib/thumb/v6m/libc.a(lib_a-reallocr.o)
 .ARM.attributes
                0x00000000000004f4       0x2d /Users/jenswilly/Yagarto/yagarto-4.7.1/bin/../lib/gcc/arm-none-eabi/4.7.1/../../../../arm-none-eabi/lib/thumb/v6m/libc.a(lib_a-stdio.o)
 .ARM.attributes
                0x0000000000000521       0x2d /Users/jenswilly/Yagarto/yagarto-4.7.1/bin/../lib/gcc/arm-none-eabi/4.7.1/../../../../arm-none-eabi/lib/thumb/v6m/libc.a(lib_a-strcmp.o)
 .ARM.attributes
                0x000000000000054e       0x2d /Users/jenswilly/Yagarto/yagarto-4.7.1/bin/../lib/gcc/arm-none-eabi/4.7.1/../../../../arm-none-eabi/lib/thumb/v6m/libc.a(lib_a-strlen.o)
 .ARM.attributes
                0x000000000000057b       0x2d /Users/jenswilly/Yagarto/yagarto-4.7.1/bin/../lib/gcc/arm-none-eabi/4.7.1/../../../../arm-none-eabi/lib/thumb/v6m/libc.a(lib_a-wbuf.o)
 .ARM.attributes
                0x00000000000005a8       0x2d /Users/jenswilly/Yagarto/yagarto-4.7.1/bin/../lib/gcc/arm-none-eabi/4.7.1/../../../../arm-none-eabi/lib/thumb/v6m/libc.a(lib_a-wcrtomb.o)
 .ARM.attributes
                0x00000000000005d5       0x2d /Users/jenswilly/Yagarto/yagarto-4.7.1/bin/../lib/gcc/arm-none-eabi/4.7.1/../../../../arm-none-eabi/lib/thumb/v6m/libc.a(lib_a-wctomb_r.o)
 .ARM.attributes
                0x0000000000000602       0x2d /Users/jenswilly/Yagarto/yagarto-4.7.1/bin/../lib/gcc/arm-none-eabi/4.7.1/../../../../arm-none-eabi/lib/thumb/v6m/libc.a(lib_a-fclose.o)

.debug_frame    0x0000000000000000      0x854
 .debug_frame   0x0000000000000000       0x20 /Users/jenswilly/Yagarto/yagarto-4.7.1/bin/../lib/gcc/arm-none-eabi/4.7.1/thumb/v6m/libgcc.a(_udivsi3.o)
 .debug_frame   0x0000000000000020       0x20 /Users/jenswilly/Yagarto/yagarto-4.7.1/bin/../lib/gcc/arm-none-eabi/4.7.1/../../../../arm-none-eabi/lib/thumb/v6m/libc.a(lib_a-errno.o)
 .debug_frame   0x0000000000000040       0x48 /Users/jenswilly/Yagarto/yagarto-4.7.1/bin/../lib/gcc/arm-none-eabi/4.7.1/../../../../arm-none-eabi/lib/thumb/v6m/libc.a(lib_a-iprintf.o)
 .debug_frame   0x0000000000000088       0x2c /Users/jenswilly/Yagarto/yagarto-4.7.1/bin/../lib/gcc/arm-none-eabi/4.7.1/../../../../arm-none-eabi/lib/thumb/v6m/libc.a(lib_a-memset.o)
 .debug_frame   0x00000000000000b4       0x80 /Users/jenswilly/Yagarto/yagarto-4.7.1/bin/../lib/gcc/arm-none-eabi/4.7.1/../../../../arm-none-eabi/lib/thumb/v6m/libc.a(lib_a-vfiprintf.o)
 .debug_frame   0x0000000000000134       0x2c /Users/jenswilly/Yagarto/yagarto-4.7.1/bin/../lib/gcc/arm-none-eabi/4.7.1/../../../../arm-none-eabi/lib/thumb/v6m/libc.a(lib_a-wsetup.o)
 .debug_frame   0x0000000000000160       0x68 /Users/jenswilly/Yagarto/yagarto-4.7.1/bin/../lib/gcc/arm-none-eabi/4.7.1/../../../../arm-none-eabi/lib/thumb/v6m/libc.a(lib_a-fflush.o)
 .debug_frame   0x00000000000001c8      0x138 /Users/jenswilly/Yagarto/yagarto-4.7.1/bin/../lib/gcc/arm-none-eabi/4.7.1/../../../../arm-none-eabi/lib/thumb/v6m/libc.a(lib_a-findfp.o)
 .debug_frame   0x0000000000000300       0x54 /Users/jenswilly/Yagarto/yagarto-4.7.1/bin/../lib/gcc/arm-none-eabi/4.7.1/../../../../arm-none-eabi/lib/thumb/v6m/libc.a(lib_a-fputwc.o)
 .debug_frame   0x0000000000000354       0x54 /Users/jenswilly/Yagarto/yagarto-4.7.1/bin/../lib/gcc/arm-none-eabi/4.7.1/../../../../arm-none-eabi/lib/thumb/v6m/libc.a(lib_a-freer.o)
 .debug_frame   0x00000000000003a8       0x3c /Users/jenswilly/Yagarto/yagarto-4.7.1/bin/../lib/gcc/arm-none-eabi/4.7.1/../../../../arm-none-eabi/lib/thumb/v6m/libc.a(lib_a-fvwrite.o)
 .debug_frame   0x00000000000003e4       0x5c /Users/jenswilly/Yagarto/yagarto-4.7.1/bin/../lib/gcc/arm-none-eabi/4.7.1/../../../../arm-none-eabi/lib/thumb/v6m/libc.a(lib_a-fwalk.o)
 .debug_frame   0x0000000000000440       0xa4 /Users/jenswilly/Yagarto/yagarto-4.7.1/bin/../lib/gcc/arm-none-eabi/4.7.1/../../../../arm-none-eabi/lib/thumb/v6m/libc.a(lib_a-locale.o)
 .debug_frame   0x00000000000004e4       0x30 /Users/jenswilly/Yagarto/yagarto-4.7.1/bin/../lib/gcc/arm-none-eabi/4.7.1/../../../../arm-none-eabi/lib/thumb/v6m/libc.a(lib_a-makebuf.o)
 .debug_frame   0x0000000000000514       0x3c /Users/jenswilly/Yagarto/yagarto-4.7.1/bin/../lib/gcc/arm-none-eabi/4.7.1/../../../../arm-none-eabi/lib/thumb/v6m/libc.a(lib_a-mallocr.o)
 .debug_frame   0x0000000000000550       0x30 /Users/jenswilly/Yagarto/yagarto-4.7.1/bin/../lib/gcc/arm-none-eabi/4.7.1/../../../../arm-none-eabi/lib/thumb/v6m/libc.a(lib_a-memchr-stub.o)
 .debug_frame   0x0000000000000580       0x30 /Users/jenswilly/Yagarto/yagarto-4.7.1/bin/../lib/gcc/arm-none-eabi/4.7.1/../../../../arm-none-eabi/lib/thumb/v6m/libc.a(lib_a-memcpy-stub.o)
 .debug_frame   0x00000000000005b0       0x30 /Users/jenswilly/Yagarto/yagarto-4.7.1/bin/../lib/gcc/arm-none-eabi/4.7.1/../../../../arm-none-eabi/lib/thumb/v6m/libc.a(lib_a-memmove.o)
 .debug_frame   0x00000000000005e0       0x30 /Users/jenswilly/Yagarto/yagarto-4.7.1/bin/../lib/gcc/arm-none-eabi/4.7.1/../../../../arm-none-eabi/lib/thumb/v6m/libc.a(lib_a-mlock.o)
 .debug_frame   0x0000000000000610       0x3c /Users/jenswilly/Yagarto/yagarto-4.7.1/bin/../lib/gcc/arm-none-eabi/4.7.1/../../../../arm-none-eabi/lib/thumb/v6m/libc.a(lib_a-reallocr.o)
 .debug_frame   0x000000000000064c       0x90 /Users/jenswilly/Yagarto/yagarto-4.7.1/bin/../lib/gcc/arm-none-eabi/4.7.1/../../../../arm-none-eabi/lib/thumb/v6m/libc.a(lib_a-stdio.o)
 .debug_frame   0x00000000000006dc       0x20 /Users/jenswilly/Yagarto/yagarto-4.7.1/bin/../lib/gcc/arm-none-eabi/4.7.1/../../../../arm-none-eabi/lib/thumb/v6m/libc.a(lib_a-strcmp.o)
 .debug_frame   0x00000000000006fc       0x20 /Users/jenswilly/Yagarto/yagarto-4.7.1/bin/../lib/gcc/arm-none-eabi/4.7.1/../../../../arm-none-eabi/lib/thumb/v6m/libc.a(lib_a-strlen.o)
 .debug_frame   0x000000000000071c       0x44 /Users/jenswilly/Yagarto/yagarto-4.7.1/bin/../lib/gcc/arm-none-eabi/4.7.1/../../../../arm-none-eabi/lib/thumb/v6m/libc.a(lib_a-wbuf.o)
 .debug_frame   0x0000000000000760       0x60 /Users/jenswilly/Yagarto/yagarto-4.7.1/bin/../lib/gcc/arm-none-eabi/4.7.1/../../../../arm-none-eabi/lib/thumb/v6m/libc.a(lib_a-wcrtomb.o)
 .debug_frame   0x00000000000007c0       0x50 /Users/jenswilly/Yagarto/yagarto-4.7.1/bin/../lib/gcc/arm-none-eabi/4.7.1/../../../../arm-none-eabi/lib/thumb/v6m/libc.a(lib_a-wctomb_r.o)
 .debug_frame   0x0000000000000810       0x44 /Users/jenswilly/Yagarto/yagarto-4.7.1/bin/../lib/gcc/arm-none-eabi/4.7.1/../../../../arm-none-eabi/lib/thumb/v6m/libc.a(lib_a-fclose.o)

.debug_line     0x0000000000000000     0x36da
 .debug_line    0x0000000000000000       0x7f /Users/jenswilly/Yagarto/yagarto-4.7.1/bin/../lib/gcc/arm-none-eabi/4.7.1/thumb/v6m/libgcc.a(_udivsi3.o)
 .debug_line    0x000000000000007f       0x67 /Users/jenswilly/Yagarto/yagarto-4.7.1/bin/../lib/gcc/arm-none-eabi/4.7.1/thumb/v6m/libgcc.a(_dvmd_tls.o)
 .debug_line    0x00000000000000e6      0x13c /Users/jenswilly/Yagarto/yagarto-4.7.1/bin/../lib/gcc/arm-none-eabi/4.7.1/../../../../arm-none-eabi/lib/thumb/v6m/libc.a(lib_a-errno.o)
 .debug_line    0x0000000000000222      0x11f /Users/jenswilly/Yagarto/yagarto-4.7.1/bin/../lib/gcc/arm-none-eabi/4.7.1/../../../../arm-none-eabi/lib/thumb/v6m/libc.a(lib_a-impure.o)
 .debug_line    0x0000000000000341      0x1a3 /Users/jenswilly/Yagarto/yagarto-4.7.1/bin/../lib/gcc/arm-none-eabi/4.7.1/../../../../arm-none-eabi/lib/thumb/v6m/libc.a(lib_a-iprintf.o)
 .debug_line    0x00000000000004e4      0x16e /Users/jenswilly/Yagarto/yagarto-4.7.1/bin/../lib/gcc/arm-none-eabi/4.7.1/../../../../arm-none-eabi/lib/thumb/v6m/libc.a(lib_a-memset.o)
 .debug_line    0x0000000000000652      0x64e /Users/jenswilly/Yagarto/yagarto-4.7.1/bin/../lib/gcc/arm-none-eabi/4.7.1/../../../../arm-none-eabi/lib/thumb/v6m/libc.a(lib_a-vfiprintf.o)
 .debug_line    0x0000000000000ca0      0x1ff /Users/jenswilly/Yagarto/yagarto-4.7.1/bin/../lib/gcc/arm-none-eabi/4.7.1/../../../../arm-none-eabi/lib/thumb/v6m/libc.a(lib_a-wsetup.o)
 .debug_line    0x0000000000000e9f      0x255 /Users/jenswilly/Yagarto/yagarto-4.7.1/bin/../lib/gcc/arm-none-eabi/4.7.1/../../../../arm-none-eabi/lib/thumb/v6m/libc.a(lib_a-fflush.o)
 .debug_line    0x00000000000010f4      0x247 /Users/jenswilly/Yagarto/yagarto-4.7.1/bin/../lib/gcc/arm-none-eabi/4.7.1/../../../../arm-none-eabi/lib/thumb/v6m/libc.a(lib_a-findfp.o)
 .debug_line    0x000000000000133b      0x1e7 /Users/jenswilly/Yagarto/yagarto-4.7.1/bin/../lib/gcc/arm-none-eabi/4.7.1/../../../../arm-none-eabi/lib/thumb/v6m/libc.a(lib_a-fputwc.o)
 .debug_line    0x0000000000001522      0x254 /Users/jenswilly/Yagarto/yagarto-4.7.1/bin/../lib/gcc/arm-none-eabi/4.7.1/../../../../arm-none-eabi/lib/thumb/v6m/libc.a(lib_a-freer.o)
 .debug_line    0x0000000000001776      0x2d1 /Users/jenswilly/Yagarto/yagarto-4.7.1/bin/../lib/gcc/arm-none-eabi/4.7.1/../../../../arm-none-eabi/lib/thumb/v6m/libc.a(lib_a-fvwrite.o)
 .debug_line    0x0000000000001a47      0x1d8 /Users/jenswilly/Yagarto/yagarto-4.7.1/bin/../lib/gcc/arm-none-eabi/4.7.1/../../../../arm-none-eabi/lib/thumb/v6m/libc.a(lib_a-fwalk.o)
 .debug_line    0x0000000000001c1f      0x1cb /Users/jenswilly/Yagarto/yagarto-4.7.1/bin/../lib/gcc/arm-none-eabi/4.7.1/../../../../arm-none-eabi/lib/thumb/v6m/libc.a(lib_a-locale.o)
 .debug_line    0x0000000000001dea      0x1fc /Users/jenswilly/Yagarto/yagarto-4.7.1/bin/../lib/gcc/arm-none-eabi/4.7.1/../../../../arm-none-eabi/lib/thumb/v6m/libc.a(lib_a-makebuf.o)
 .debug_line    0x0000000000001fe6      0x3ac /Users/jenswilly/Yagarto/yagarto-4.7.1/bin/../lib/gcc/arm-none-eabi/4.7.1/../../../../arm-none-eabi/lib/thumb/v6m/libc.a(lib_a-mallocr.o)
 .debug_line    0x0000000000002392      0x164 /Users/jenswilly/Yagarto/yagarto-4.7.1/bin/../lib/gcc/arm-none-eabi/4.7.1/../../../../arm-none-eabi/lib/thumb/v6m/libc.a(lib_a-memchr-stub.o)
 .debug_line    0x00000000000024f6      0x19b /Users/jenswilly/Yagarto/yagarto-4.7.1/bin/../lib/gcc/arm-none-eabi/4.7.1/../../../../arm-none-eabi/lib/thumb/v6m/libc.a(lib_a-memcpy-stub.o)
 .debug_line    0x0000000000002691      0x1ab /Users/jenswilly/Yagarto/yagarto-4.7.1/bin/../lib/gcc/arm-none-eabi/4.7.1/../../../../arm-none-eabi/lib/thumb/v6m/libc.a(lib_a-memmove.o)
 .debug_line    0x000000000000283c      0x131 /Users/jenswilly/Yagarto/yagarto-4.7.1/bin/../lib/gcc/arm-none-eabi/4.7.1/../../../../arm-none-eabi/lib/thumb/v6m/libc.a(lib_a-mlock.o)
 .debug_line    0x000000000000296d      0x2b7 /Users/jenswilly/Yagarto/yagarto-4.7.1/bin/../lib/gcc/arm-none-eabi/4.7.1/../../../../arm-none-eabi/lib/thumb/v6m/libc.a(lib_a-reallocr.o)
 .debug_line    0x0000000000002c24      0x1b3 /Users/jenswilly/Yagarto/yagarto-4.7.1/bin/../lib/gcc/arm-none-eabi/4.7.1/../../../../arm-none-eabi/lib/thumb/v6m/libc.a(lib_a-stdio.o)
 .debug_line    0x0000000000002dd7       0xc6 /Users/jenswilly/Yagarto/yagarto-4.7.1/bin/../lib/gcc/arm-none-eabi/4.7.1/../../../../arm-none-eabi/lib/thumb/v6m/libc.a(lib_a-strcmp.o)
 .debug_line    0x0000000000002e9d      0x128 /Users/jenswilly/Yagarto/yagarto-4.7.1/bin/../lib/gcc/arm-none-eabi/4.7.1/../../../../arm-none-eabi/lib/thumb/v6m/libc.a(lib_a-strlen.o)
 .debug_line    0x0000000000002fc5      0x1ec /Users/jenswilly/Yagarto/yagarto-4.7.1/bin/../lib/gcc/arm-none-eabi/4.7.1/../../../../arm-none-eabi/lib/thumb/v6m/libc.a(lib_a-wbuf.o)
 .debug_line    0x00000000000031b1      0x1a6 /Users/jenswilly/Yagarto/yagarto-4.7.1/bin/../lib/gcc/arm-none-eabi/4.7.1/../../../../arm-none-eabi/lib/thumb/v6m/libc.a(lib_a-wcrtomb.o)
 .debug_line    0x0000000000003357      0x1aa /Users/jenswilly/Yagarto/yagarto-4.7.1/bin/../lib/gcc/arm-none-eabi/4.7.1/../../../../arm-none-eabi/lib/thumb/v6m/libc.a(lib_a-wctomb_r.o)
 .debug_line    0x0000000000003501      0x1d9 /Users/jenswilly/Yagarto/yagarto-4.7.1/bin/../lib/gcc/arm-none-eabi/4.7.1/../../../../arm-none-eabi/lib/thumb/v6m/libc.a(lib_a-fclose.o)

.debug_info     0x0000000000000000    0x101d9
 .debug_info    0x0000000000000000       0xa7 /Users/jenswilly/Yagarto/yagarto-4.7.1/bin/../lib/gcc/arm-none-eabi/4.7.1/thumb/v6m/libgcc.a(_udivsi3.o)
 .debug_info    0x00000000000000a7       0xa7 /Users/jenswilly/Yagarto/yagarto-4.7.1/bin/../lib/gcc/arm-none-eabi/4.7.1/thumb/v6m/libgcc.a(_dvmd_tls.o)
 .debug_info    0x000000000000014e      0x95e /Users/jenswilly/Yagarto/yagarto-4.7.1/bin/../lib/gcc/arm-none-eabi/4.7.1/../../../../arm-none-eabi/lib/thumb/v6m/libc.a(lib_a-errno.o)
 .debug_info    0x0000000000000aac      0x965 /Users/jenswilly/Yagarto/yagarto-4.7.1/bin/../lib/gcc/arm-none-eabi/4.7.1/../../../../arm-none-eabi/lib/thumb/v6m/libc.a(lib_a-impure.o)
 .debug_info    0x0000000000001411      0xa8d /Users/jenswilly/Yagarto/yagarto-4.7.1/bin/../lib/gcc/arm-none-eabi/4.7.1/../../../../arm-none-eabi/lib/thumb/v6m/libc.a(lib_a-iprintf.o)
 .debug_info    0x0000000000001e9e      0x11c /Users/jenswilly/Yagarto/yagarto-4.7.1/bin/../lib/gcc/arm-none-eabi/4.7.1/../../../../arm-none-eabi/lib/thumb/v6m/libc.a(lib_a-memset.o)
 .debug_info    0x0000000000001fba     0x12e1 /Users/jenswilly/Yagarto/yagarto-4.7.1/bin/../lib/gcc/arm-none-eabi/4.7.1/../../../../arm-none-eabi/lib/thumb/v6m/libc.a(lib_a-vfiprintf.o)
 .debug_info    0x000000000000329b      0xa01 /Users/jenswilly/Yagarto/yagarto-4.7.1/bin/../lib/gcc/arm-none-eabi/4.7.1/../../../../arm-none-eabi/lib/thumb/v6m/libc.a(lib_a-wsetup.o)
 .debug_info    0x0000000000003c9c      0xb86 /Users/jenswilly/Yagarto/yagarto-4.7.1/bin/../lib/gcc/arm-none-eabi/4.7.1/../../../../arm-none-eabi/lib/thumb/v6m/libc.a(lib_a-fflush.o)
 .debug_info    0x0000000000004822      0xdbf /Users/jenswilly/Yagarto/yagarto-4.7.1/bin/../lib/gcc/arm-none-eabi/4.7.1/../../../../arm-none-eabi/lib/thumb/v6m/libc.a(lib_a-findfp.o)
 .debug_info    0x00000000000055e1      0xb9f /Users/jenswilly/Yagarto/yagarto-4.7.1/bin/../lib/gcc/arm-none-eabi/4.7.1/../../../../arm-none-eabi/lib/thumb/v6m/libc.a(lib_a-fputwc.o)
 .debug_info    0x0000000000006180      0xd0e /Users/jenswilly/Yagarto/yagarto-4.7.1/bin/../lib/gcc/arm-none-eabi/4.7.1/../../../../arm-none-eabi/lib/thumb/v6m/libc.a(lib_a-freer.o)
 .debug_info    0x0000000000006e8e      0xd66 /Users/jenswilly/Yagarto/yagarto-4.7.1/bin/../lib/gcc/arm-none-eabi/4.7.1/../../../../arm-none-eabi/lib/thumb/v6m/libc.a(lib_a-fvwrite.o)
 .debug_info    0x0000000000007bf4      0xa79 /Users/jenswilly/Yagarto/yagarto-4.7.1/bin/../lib/gcc/arm-none-eabi/4.7.1/../../../../arm-none-eabi/lib/thumb/v6m/libc.a(lib_a-fwalk.o)
 .debug_info    0x000000000000866d      0xd0c /Users/jenswilly/Yagarto/yagarto-4.7.1/bin/../lib/gcc/arm-none-eabi/4.7.1/../../../../arm-none-eabi/lib/thumb/v6m/libc.a(lib_a-locale.o)
 .debug_info    0x0000000000009379      0xbf0 /Users/jenswilly/Yagarto/yagarto-4.7.1/bin/../lib/gcc/arm-none-eabi/4.7.1/../../../../arm-none-eabi/lib/thumb/v6m/libc.a(lib_a-makebuf.o)
 .debug_info    0x0000000000009f69      0xe72 /Users/jenswilly/Yagarto/yagarto-4.7.1/bin/../lib/gcc/arm-none-eabi/4.7.1/../../../../arm-none-eabi/lib/thumb/v6m/libc.a(lib_a-mallocr.o)
 .debug_info    0x000000000000addb      0x130 /Users/jenswilly/Yagarto/yagarto-4.7.1/bin/../lib/gcc/arm-none-eabi/4.7.1/../../../../arm-none-eabi/lib/thumb/v6m/libc.a(lib_a-memchr-stub.o)
 .debug_info    0x000000000000af0b      0x136 /Users/jenswilly/Yagarto/yagarto-4.7.1/bin/../lib/gcc/arm-none-eabi/4.7.1/../../../../arm-none-eabi/lib/thumb/v6m/libc.a(lib_a-memcpy-stub.o)
 .debug_info    0x000000000000b041      0x136 /Users/jenswilly/Yagarto/yagarto-4.7.1/bin/../lib/gcc/arm-none-eabi/4.7.1/../../../../arm-none-eabi/lib/thumb/v6m/libc.a(lib_a-memmove.o)
 .debug_info    0x000000000000b177      0x989 /Users/jenswilly/Yagarto/yagarto-4.7.1/bin/../lib/gcc/arm-none-eabi/4.7.1/../../../../arm-none-eabi/lib/thumb/v6m/libc.a(lib_a-mlock.o)
 .debug_info    0x000000000000bb00      0xdae /Users/jenswilly/Yagarto/yagarto-4.7.1/bin/../lib/gcc/arm-none-eabi/4.7.1/../../../../arm-none-eabi/lib/thumb/v6m/libc.a(lib_a-reallocr.o)
 .debug_info    0x000000000000c8ae      0xc7c /Users/jenswilly/Yagarto/yagarto-4.7.1/bin/../lib/gcc/arm-none-eabi/4.7.1/../../../../arm-none-eabi/lib/thumb/v6m/libc.a(lib_a-stdio.o)
 .debug_info    0x000000000000d52a       0xb9 /Users/jenswilly/Yagarto/yagarto-4.7.1/bin/../lib/gcc/arm-none-eabi/4.7.1/../../../../arm-none-eabi/lib/thumb/v6m/libc.a(lib_a-strcmp.o)
 .debug_info    0x000000000000d5e3       0xd1 /Users/jenswilly/Yagarto/yagarto-4.7.1/bin/../lib/gcc/arm-none-eabi/4.7.1/../../../../arm-none-eabi/lib/thumb/v6m/libc.a(lib_a-strlen.o)
 .debug_info    0x000000000000d6b4      0xa9b /Users/jenswilly/Yagarto/yagarto-4.7.1/bin/../lib/gcc/arm-none-eabi/4.7.1/../../../../arm-none-eabi/lib/thumb/v6m/libc.a(lib_a-wbuf.o)
 .debug_info    0x000000000000e14f      0xb47 /Users/jenswilly/Yagarto/yagarto-4.7.1/bin/../lib/gcc/arm-none-eabi/4.7.1/../../../../arm-none-eabi/lib/thumb/v6m/libc.a(lib_a-wcrtomb.o)
 .debug_info    0x000000000000ec96      0xa93 /Users/jenswilly/Yagarto/yagarto-4.7.1/bin/../lib/gcc/arm-none-eabi/4.7.1/../../../../arm-none-eabi/lib/thumb/v6m/libc.a(lib_a-wctomb_r.o)
 .debug_info    0x000000000000f729      0xab0 /Users/jenswilly/Yagarto/yagarto-4.7.1/bin/../lib/gcc/arm-none-eabi/4.7.1/../../../../arm-none-eabi/lib/thumb/v6m/libc.a(lib_a-fclose.o)

.debug_abbrev   0x0000000000000000     0x30d2
 .debug_abbrev  0x0000000000000000       0x14 /Users/jenswilly/Yagarto/yagarto-4.7.1/bin/../lib/gcc/arm-none-eabi/4.7.1/thumb/v6m/libgcc.a(_udivsi3.o)
 .debug_abbrev  0x0000000000000014       0x14 /Users/jenswilly/Yagarto/yagarto-4.7.1/bin/../lib/gcc/arm-none-eabi/4.7.1/thumb/v6m/libgcc.a(_dvmd_tls.o)
 .debug_abbrev  0x0000000000000028      0x171 /Users/jenswilly/Yagarto/yagarto-4.7.1/bin/../lib/gcc/arm-none-eabi/4.7.1/../../../../arm-none-eabi/lib/thumb/v6m/libc.a(lib_a-errno.o)
 .debug_abbrev  0x0000000000000199      0x162 /Users/jenswilly/Yagarto/yagarto-4.7.1/bin/../lib/gcc/arm-none-eabi/4.7.1/../../../../arm-none-eabi/lib/thumb/v6m/libc.a(lib_a-impure.o)
 .debug_abbrev  0x00000000000002fb      0x1ed /Users/jenswilly/Yagarto/yagarto-4.7.1/bin/../lib/gcc/arm-none-eabi/4.7.1/../../../../arm-none-eabi/lib/thumb/v6m/libc.a(lib_a-iprintf.o)
 .debug_abbrev  0x00000000000004e8       0x9f /Users/jenswilly/Yagarto/yagarto-4.7.1/bin/../lib/gcc/arm-none-eabi/4.7.1/../../../../arm-none-eabi/lib/thumb/v6m/libc.a(lib_a-memset.o)
 .debug_abbrev  0x0000000000000587      0x3ab /Users/jenswilly/Yagarto/yagarto-4.7.1/bin/../lib/gcc/arm-none-eabi/4.7.1/../../../../arm-none-eabi/lib/thumb/v6m/libc.a(lib_a-vfiprintf.o)
 .debug_abbrev  0x0000000000000932      0x1d5 /Users/jenswilly/Yagarto/yagarto-4.7.1/bin/../lib/gcc/arm-none-eabi/4.7.1/../../../../arm-none-eabi/lib/thumb/v6m/libc.a(lib_a-wsetup.o)
 .debug_abbrev  0x0000000000000b07      0x25d /Users/jenswilly/Yagarto/yagarto-4.7.1/bin/../lib/gcc/arm-none-eabi/4.7.1/../../../../arm-none-eabi/lib/thumb/v6m/libc.a(lib_a-fflush.o)
 .debug_abbrev  0x0000000000000d64      0x2ec /Users/jenswilly/Yagarto/yagarto-4.7.1/bin/../lib/gcc/arm-none-eabi/4.7.1/../../../../arm-none-eabi/lib/thumb/v6m/libc.a(lib_a-findfp.o)
 .debug_abbrev  0x0000000000001050      0x26c /Users/jenswilly/Yagarto/yagarto-4.7.1/bin/../lib/gcc/arm-none-eabi/4.7.1/../../../../arm-none-eabi/lib/thumb/v6m/libc.a(lib_a-fputwc.o)
 .debug_abbrev  0x00000000000012bc      0x24d /Users/jenswilly/Yagarto/yagarto-4.7.1/bin/../lib/gcc/arm-none-eabi/4.7.1/../../../../arm-none-eabi/lib/thumb/v6m/libc.a(lib_a-freer.o)
 .debug_abbrev  0x0000000000001509      0x22c /Users/jenswilly/Yagarto/yagarto-4.7.1/bin/../lib/gcc/arm-none-eabi/4.7.1/../../../../arm-none-eabi/lib/thumb/v6m/libc.a(lib_a-fvwrite.o)
 .debug_abbrev  0x0000000000001735      0x1a4 /Users/jenswilly/Yagarto/yagarto-4.7.1/bin/../lib/gcc/arm-none-eabi/4.7.1/../../../../arm-none-eabi/lib/thumb/v6m/libc.a(lib_a-fwalk.o)
 .debug_abbrev  0x00000000000018d9      0x277 /Users/jenswilly/Yagarto/yagarto-4.7.1/bin/../lib/gcc/arm-none-eabi/4.7.1/../../../../arm-none-eabi/lib/thumb/v6m/libc.a(lib_a-locale.o)
 .debug_abbrev  0x0000000000001b50      0x1e8 /Users/jenswilly/Yagarto/yagarto-4.7.1/bin/../lib/gcc/arm-none-eabi/4.7.1/../../../../arm-none-eabi/lib/thumb/v6m/libc.a(lib_a-makebuf.o)
 .debug_abbrev  0x0000000000001d38      0x284 /Users/jenswilly/Yagarto/yagarto-4.7.1/bin/../lib/gcc/arm-none-eabi/4.7.1/../../../../arm-none-eabi/lib/thumb/v6m/libc.a(lib_a-mallocr.o)
 .debug_abbrev  0x0000000000001fbc       0xab /Users/jenswilly/Yagarto/yagarto-4.7.1/bin/../lib/gcc/arm-none-eabi/4.7.1/../../../../arm-none-eabi/lib/thumb/v6m/libc.a(lib_a-memchr-stub.o)
 .debug_abbrev  0x0000000000002067       0xab /Users/jenswilly/Yagarto/yagarto-4.7.1/bin/../lib/gcc/arm-none-eabi/4.7.1/../../../../arm-none-eabi/lib/thumb/v6m/libc.a(lib_a-memcpy-stub.o)
 .debug_abbrev  0x0000000000002112       0xab /Users/jenswilly/Yagarto/yagarto-4.7.1/bin/../lib/gcc/arm-none-eabi/4.7.1/../../../../arm-none-eabi/lib/thumb/v6m/libc.a(lib_a-memmove.o)
 .debug_abbrev  0x00000000000021bd      0x17c /Users/jenswilly/Yagarto/yagarto-4.7.1/bin/../lib/gcc/arm-none-eabi/4.7.1/../../../../arm-none-eabi/lib/thumb/v6m/libc.a(lib_a-mlock.o)
 .debug_abbrev  0x0000000000002339      0x232 /Users/jenswilly/Yagarto/yagarto-4.7.1/bin/../lib/gcc/arm-none-eabi/4.7.1/../../../../arm-none-eabi/lib/thumb/v6m/libc.a(lib_a-reallocr.o)
 .debug_abbrev  0x000000000000256b      0x229 /Users/jenswilly/Yagarto/yagarto-4.7.1/bin/../lib/gcc/arm-none-eabi/4.7.1/../../../../arm-none-eabi/lib/thumb/v6m/libc.a(lib_a-stdio.o)
 .debug_abbrev  0x0000000000002794       0x72 /Users/jenswilly/Yagarto/yagarto-4.7.1/bin/../lib/gcc/arm-none-eabi/4.7.1/../../../../arm-none-eabi/lib/thumb/v6m/libc.a(lib_a-strcmp.o)
 .debug_abbrev  0x0000000000002806       0x8c /Users/jenswilly/Yagarto/yagarto-4.7.1/bin/../lib/gcc/arm-none-eabi/4.7.1/../../../../arm-none-eabi/lib/thumb/v6m/libc.a(lib_a-strlen.o)
 .debug_abbrev  0x0000000000002892      0x217 /Users/jenswilly/Yagarto/yagarto-4.7.1/bin/../lib/gcc/arm-none-eabi/4.7.1/../../../../arm-none-eabi/lib/thumb/v6m/libc.a(lib_a-wbuf.o)
 .debug_abbrev  0x0000000000002aa9      0x1f5 /Users/jenswilly/Yagarto/yagarto-4.7.1/bin/../lib/gcc/arm-none-eabi/4.7.1/../../../../arm-none-eabi/lib/thumb/v6m/libc.a(lib_a-wcrtomb.o)
 .debug_abbrev  0x0000000000002c9e      0x1f4 /Users/jenswilly/Yagarto/yagarto-4.7.1/bin/../lib/gcc/arm-none-eabi/4.7.1/../../../../arm-none-eabi/lib/thumb/v6m/libc.a(lib_a-wctomb_r.o)
 .debug_abbrev  0x0000000000002e92      0x240 /Users/jenswilly/Yagarto/yagarto-4.7.1/bin/../lib/gcc/arm-none-eabi/4.7.1/../../../../arm-none-eabi/lib/thumb/v6m/libc.a(lib_a-fclose.o)

.debug_aranges  0x0000000000000000      0x398
 .debug_aranges
                0x0000000000000000       0x20 /Users/jenswilly/Yagarto/yagarto-4.7.1/bin/../lib/gcc/arm-none-eabi/4.7.1/thumb/v6m/libgcc.a(_udivsi3.o)
 .debug_aranges
                0x0000000000000020       0x20 /Users/jenswilly/Yagarto/yagarto-4.7.1/bin/../lib/gcc/arm-none-eabi/4.7.1/thumb/v6m/libgcc.a(_dvmd_tls.o)
 .debug_aranges
                0x0000000000000040       0x20 /Users/jenswilly/Yagarto/yagarto-4.7.1/bin/../lib/gcc/arm-none-eabi/4.7.1/../../../../arm-none-eabi/lib/thumb/v6m/libc.a(lib_a-errno.o)
 .debug_aranges
                0x0000000000000060       0x18 /Users/jenswilly/Yagarto/yagarto-4.7.1/bin/../lib/gcc/arm-none-eabi/4.7.1/../../../../arm-none-eabi/lib/thumb/v6m/libc.a(lib_a-impure.o)
 .debug_aranges
                0x0000000000000078       0x20 /Users/jenswilly/Yagarto/yagarto-4.7.1/bin/../lib/gcc/arm-none-eabi/4.7.1/../../../../arm-none-eabi/lib/thumb/v6m/libc.a(lib_a-iprintf.o)
 .debug_aranges
                0x0000000000000098       0x20 /Users/jenswilly/Yagarto/yagarto-4.7.1/bin/../lib/gcc/arm-none-eabi/4.7.1/../../../../arm-none-eabi/lib/thumb/v6m/libc.a(lib_a-memset.o)
 .debug_aranges
                0x00000000000000b8       0x20 /Users/jenswilly/Yagarto/yagarto-4.7.1/bin/../lib/gcc/arm-none-eabi/4.7.1/../../../../arm-none-eabi/lib/thumb/v6m/libc.a(lib_a-vfiprintf.o)
 .debug_aranges
                0x00000000000000d8       0x20 /Users/jenswilly/Yagarto/yagarto-4.7.1/bin/../lib/gcc/arm-none-eabi/4.7.1/../../../../arm-none-eabi/lib/thumb/v6m/libc.a(lib_a-wsetup.o)
 .debug_aranges
                0x00000000000000f8       0x20 /Users/jenswilly/Yagarto/yagarto-4.7.1/bin/../lib/gcc/arm-none-eabi/4.7.1/../../../../arm-none-eabi/lib/thumb/v6m/libc.a(lib_a-fflush.o)
 .debug_aranges
                0x0000000000000118       0x20 /Users/jenswilly/Yagarto/yagarto-4.7.1/bin/../lib/gcc/arm-none-eabi/4.7.1/../../../../arm-none-eabi/lib/thumb/v6m/libc.a(lib_a-findfp.o)
 .debug_aranges
                0x0000000000000138       0x20 /Users/jenswilly/Yagarto/yagarto-4.7.1/bin/../lib/gcc/arm-none-eabi/4.7.1/../../../../arm-none-eabi/lib/thumb/v6m/libc.a(lib_a-fputwc.o)
 .debug_aranges
                0x0000000000000158       0x20 /Users/jenswilly/Yagarto/yagarto-4.7.1/bin/../lib/gcc/arm-none-eabi/4.7.1/../../../../arm-none-eabi/lib/thumb/v6m/libc.a(lib_a-freer.o)
 .debug_aranges
                0x0000000000000178       0x20 /Users/jenswilly/Yagarto/yagarto-4.7.1/bin/../lib/gcc/arm-none-eabi/4.7.1/../../../../arm-none-eabi/lib/thumb/v6m/libc.a(lib_a-fvwrite.o)
 .debug_aranges
                0x0000000000000198       0x20 /Users/jenswilly/Yagarto/yagarto-4.7.1/bin/../lib/gcc/arm-none-eabi/4.7.1/../../../../arm-none-eabi/lib/thumb/v6m/libc.a(lib_a-fwalk.o)
 .debug_aranges
                0x00000000000001b8       0x20 /Users/jenswilly/Yagarto/yagarto-4.7.1/bin/../lib/gcc/arm-none-eabi/4.7.1/../../../../arm-none-eabi/lib/thumb/v6m/libc.a(lib_a-locale.o)
 .debug_aranges
                0x00000000000001d8       0x20 /Users/jenswilly/Yagarto/yagarto-4.7.1/bin/../lib/gcc/arm-none-eabi/4.7.1/../../../../arm-none-eabi/lib/thumb/v6m/libc.a(lib_a-makebuf.o)
 .debug_aranges
                0x00000000000001f8       0x20 /Users/jenswilly/Yagarto/yagarto-4.7.1/bin/../lib/gcc/arm-none-eabi/4.7.1/../../../../arm-none-eabi/lib/thumb/v6m/libc.a(lib_a-mallocr.o)
 .debug_aranges
                0x0000000000000218       0x20 /Users/jenswilly/Yagarto/yagarto-4.7.1/bin/../lib/gcc/arm-none-eabi/4.7.1/../../../../arm-none-eabi/lib/thumb/v6m/libc.a(lib_a-memchr-stub.o)
 .debug_aranges
                0x0000000000000238       0x20 /Users/jenswilly/Yagarto/yagarto-4.7.1/bin/../lib/gcc/arm-none-eabi/4.7.1/../../../../arm-none-eabi/lib/thumb/v6m/libc.a(lib_a-memcpy-stub.o)
 .debug_aranges
                0x0000000000000258       0x20 /Users/jenswilly/Yagarto/yagarto-4.7.1/bin/../lib/gcc/arm-none-eabi/4.7.1/../../../../arm-none-eabi/lib/thumb/v6m/libc.a(lib_a-memmove.o)
 .debug_aranges
                0x0000000000000278       0x20 /Users/jenswilly/Yagarto/yagarto-4.7.1/bin/../lib/gcc/arm-none-eabi/4.7.1/../../../../arm-none-eabi/lib/thumb/v6m/libc.a(lib_a-mlock.o)
 .debug_aranges
                0x0000000000000298       0x20 /Users/jenswilly/Yagarto/yagarto-4.7.1/bin/../lib/gcc/arm-none-eabi/4.7.1/../../../../arm-none-eabi/lib/thumb/v6m/libc.a(lib_a-reallocr.o)
 .debug_aranges
                0x00000000000002b8       0x20 /Users/jenswilly/Yagarto/yagarto-4.7.1/bin/../lib/gcc/arm-none-eabi/4.7.1/../../../../arm-none-eabi/lib/thumb/v6m/libc.a(lib_a-stdio.o)
 .debug_aranges
                0x00000000000002d8       0x20 /Users/jenswilly/Yagarto/yagarto-4.7.1/bin/../lib/gcc/arm-none-eabi/4.7.1/../../../../arm-none-eabi/lib/thumb/v6m/libc.a(lib_a-strcmp.o)
 .debug_aranges
                0x00000000000002f8       0x20 /Users/jenswilly/Yagarto/yagarto-4.7.1/bin/../lib/gcc/arm-none-eabi/4.7.1/../../../../arm-none-eabi/lib/thumb/v6m/libc.a(lib_a-strlen.o)
 .debug_aranges
                0x0000000000000318       0x20 /Users/jenswilly/Yagarto/yagarto-4.7.1/bin/../lib/gcc/arm-none-eabi/4.7.1/../../../../arm-none-eabi/lib/thumb/v6m/libc.a(lib_a-wbuf.o)
 .debug_aranges
                0x0000000000000338       0x20 /Users/jenswilly/Yagarto/yagarto-4.7.1/bin/../lib/gcc/arm-none-eabi/4.7.1/../../../../arm-none-eabi/lib/thumb/v6m/libc.a(lib_a-wcrtomb.o)
 .debug_aranges
                0x0000000000000358       0x20 /Users/jenswilly/Yagarto/yagarto-4.7.1/bin/../lib/gcc/arm-none-eabi/4.7.1/../../../../arm-none-eabi/lib/thumb/v6m/libc.a(lib_a-wctomb_r.o)
 .debug_aranges
                0x0000000000000378       0x20 /Users/jenswilly/Yagarto/yagarto-4.7.1/bin/../lib/gcc/arm-none-eabi/4.7.1/../../../../arm-none-eabi/lib/thumb/v6m/libc.a(lib_a-fclose.o)

.debug_str      0x0000000000000000     0x1646
 .debug_str     0x0000000000000000      0x476 /Users/jenswilly/Yagarto/yagarto-4.7.1/bin/../lib/gcc/arm-none-eabi/4.7.1/../../../../arm-none-eabi/lib/thumb/v6m/libc.a(lib_a-errno.o)
                                        0x4f6 (size before relaxing)
 .debug_str     0x0000000000000476       0xb5 /Users/jenswilly/Yagarto/yagarto-4.7.1/bin/../lib/gcc/arm-none-eabi/4.7.1/../../../../arm-none-eabi/lib/thumb/v6m/libc.a(lib_a-impure.o)
                                        0x50e (size before relaxing)
 .debug_str     0x000000000000052b       0xcd /Users/jenswilly/Yagarto/yagarto-4.7.1/bin/../lib/gcc/arm-none-eabi/4.7.1/../../../../arm-none-eabi/lib/thumb/v6m/libc.a(lib_a-iprintf.o)
                                        0x53b (size before relaxing)
 .debug_str     0x00000000000005f8       0xb3 /Users/jenswilly/Yagarto/yagarto-4.7.1/bin/../lib/gcc/arm-none-eabi/4.7.1/../../../../arm-none-eabi/lib/thumb/v6m/libc.a(lib_a-memset.o)
                                        0x158 (size before relaxing)
 .debug_str     0x00000000000006ab      0x19b /Users/jenswilly/Yagarto/yagarto-4.7.1/bin/../lib/gcc/arm-none-eabi/4.7.1/../../../../arm-none-eabi/lib/thumb/v6m/libc.a(lib_a-vfiprintf.o)
                                        0x6b8 (size before relaxing)
 .debug_str     0x0000000000000846       0x53 /Users/jenswilly/Yagarto/yagarto-4.7.1/bin/../lib/gcc/arm-none-eabi/4.7.1/../../../../arm-none-eabi/lib/thumb/v6m/libc.a(lib_a-wsetup.o)
                                        0x51d (size before relaxing)
 .debug_str     0x0000000000000899       0x6e /Users/jenswilly/Yagarto/yagarto-4.7.1/bin/../lib/gcc/arm-none-eabi/4.7.1/../../../../arm-none-eabi/lib/thumb/v6m/libc.a(lib_a-fflush.o)
                                        0x558 (size before relaxing)
 .debug_str     0x0000000000000907      0x10f /Users/jenswilly/Yagarto/yagarto-4.7.1/bin/../lib/gcc/arm-none-eabi/4.7.1/../../../../arm-none-eabi/lib/thumb/v6m/libc.a(lib_a-findfp.o)
                                        0x607 (size before relaxing)
 .debug_str     0x0000000000000a16       0x70 /Users/jenswilly/Yagarto/yagarto-4.7.1/bin/../lib/gcc/arm-none-eabi/4.7.1/../../../../arm-none-eabi/lib/thumb/v6m/libc.a(lib_a-fputwc.o)
                                        0x558 (size before relaxing)
 .debug_str     0x0000000000000a86      0x1e0 /Users/jenswilly/Yagarto/yagarto-4.7.1/bin/../lib/gcc/arm-none-eabi/4.7.1/../../../../arm-none-eabi/lib/thumb/v6m/libc.a(lib_a-freer.o)
                                        0x667 (size before relaxing)
 .debug_str     0x0000000000000c66       0x77 /Users/jenswilly/Yagarto/yagarto-4.7.1/bin/../lib/gcc/arm-none-eabi/4.7.1/../../../../arm-none-eabi/lib/thumb/v6m/libc.a(lib_a-fvwrite.o)
                                        0x5a0 (size before relaxing)
 .debug_str     0x0000000000000cdd       0x4c /Users/jenswilly/Yagarto/yagarto-4.7.1/bin/../lib/gcc/arm-none-eabi/4.7.1/../../../../arm-none-eabi/lib/thumb/v6m/libc.a(lib_a-fwalk.o)
                                        0x513 (size before relaxing)
 .debug_str     0x0000000000000d29      0x266 /Users/jenswilly/Yagarto/yagarto-4.7.1/bin/../lib/gcc/arm-none-eabi/4.7.1/../../../../arm-none-eabi/lib/thumb/v6m/libc.a(lib_a-locale.o)
                                        0x76b (size before relaxing)
 .debug_str     0x0000000000000f8f      0x132 /Users/jenswilly/Yagarto/yagarto-4.7.1/bin/../lib/gcc/arm-none-eabi/4.7.1/../../../../arm-none-eabi/lib/thumb/v6m/libc.a(lib_a-makebuf.o)
                                        0x617 (size before relaxing)
 .debug_str     0x00000000000010c1       0xe5 /Users/jenswilly/Yagarto/yagarto-4.7.1/bin/../lib/gcc/arm-none-eabi/4.7.1/../../../../arm-none-eabi/lib/thumb/v6m/libc.a(lib_a-mallocr.o)
                                        0x71d (size before relaxing)
 .debug_str     0x00000000000011a6       0xc4 /Users/jenswilly/Yagarto/yagarto-4.7.1/bin/../lib/gcc/arm-none-eabi/4.7.1/../../../../arm-none-eabi/lib/thumb/v6m/libc.a(lib_a-memchr-stub.o)
                                        0x170 (size before relaxing)
 .debug_str     0x000000000000126a       0x73 /Users/jenswilly/Yagarto/yagarto-4.7.1/bin/../lib/gcc/arm-none-eabi/4.7.1/../../../../arm-none-eabi/lib/thumb/v6m/libc.a(lib_a-memcpy-stub.o)
                                        0x17d (size before relaxing)
 .debug_str     0x00000000000012dd       0x49 /Users/jenswilly/Yagarto/yagarto-4.7.1/bin/../lib/gcc/arm-none-eabi/4.7.1/../../../../arm-none-eabi/lib/thumb/v6m/libc.a(lib_a-memmove.o)
                                        0x177 (size before relaxing)
 .debug_str     0x0000000000001326       0x53 /Users/jenswilly/Yagarto/yagarto-4.7.1/bin/../lib/gcc/arm-none-eabi/4.7.1/../../../../arm-none-eabi/lib/thumb/v6m/libc.a(lib_a-mlock.o)
                                        0x517 (size before relaxing)
 .debug_str     0x0000000000001379       0x4e /Users/jenswilly/Yagarto/yagarto-4.7.1/bin/../lib/gcc/arm-none-eabi/4.7.1/../../../../arm-none-eabi/lib/thumb/v6m/libc.a(lib_a-reallocr.o)
                                        0x5ef (size before relaxing)
 .debug_str     0x00000000000013c7       0x9d /Users/jenswilly/Yagarto/yagarto-4.7.1/bin/../lib/gcc/arm-none-eabi/4.7.1/../../../../arm-none-eabi/lib/thumb/v6m/libc.a(lib_a-stdio.o)
                                        0x568 (size before relaxing)
 .debug_str     0x0000000000001464       0x47 /Users/jenswilly/Yagarto/yagarto-4.7.1/bin/../lib/gcc/arm-none-eabi/4.7.1/../../../../arm-none-eabi/lib/thumb/v6m/libc.a(lib_a-strcmp.o)
                                        0x14a (size before relaxing)
 .debug_str     0x00000000000014ab       0x4f /Users/jenswilly/Yagarto/yagarto-4.7.1/bin/../lib/gcc/arm-none-eabi/4.7.1/../../../../arm-none-eabi/lib/thumb/v6m/libc.a(lib_a-strlen.o)
                                        0x159 (size before relaxing)
 .debug_str     0x00000000000014fa       0x44 /Users/jenswilly/Yagarto/yagarto-4.7.1/bin/../lib/gcc/arm-none-eabi/4.7.1/../../../../arm-none-eabi/lib/thumb/v6m/libc.a(lib_a-wbuf.o)
                                        0x522 (size before relaxing)
 .debug_str     0x000000000000153e       0x58 /Users/jenswilly/Yagarto/yagarto-4.7.1/bin/../lib/gcc/arm-none-eabi/4.7.1/../../../../arm-none-eabi/lib/thumb/v6m/libc.a(lib_a-wcrtomb.o)
                                        0x53f (size before relaxing)
 .debug_str     0x0000000000001596       0x61 /Users/jenswilly/Yagarto/yagarto-4.7.1/bin/../lib/gcc/arm-none-eabi/4.7.1/../../../../arm-none-eabi/lib/thumb/v6m/libc.a(lib_a-wctomb_r.o)
                                        0x54e (size before relaxing)
 .debug_str     0x00000000000015f7       0x4f /Users/jenswilly/Yagarto/yagarto-4.7.1/bin/../lib/gcc/arm-none-eabi/4.7.1/../../../../arm-none-eabi/lib/thumb/v6m/libc.a(lib_a-fclose.o)
                                        0x54a (size before relaxing)

.debug_loc      0x0000000000000000     0x6d59
 .debug_loc     0x0000000000000000       0xa4 /Users/jenswilly/Yagarto/yagarto-4.7.1/bin/../lib/gcc/arm-none-eabi/4.7.1/../../../../arm-none-eabi/lib/thumb/v6m/libc.a(lib_a-iprintf.o)
 .debug_loc     0x00000000000000a4      0x1e3 /Users/jenswilly/Yagarto/yagarto-4.7.1/bin/../lib/gcc/arm-none-eabi/4.7.1/../../../../arm-none-eabi/lib/thumb/v6m/libc.a(lib_a-memset.o)
 .debug_loc     0x0000000000000287     0x1a45 /Users/jenswilly/Yagarto/yagarto-4.7.1/bin/../lib/gcc/arm-none-eabi/4.7.1/../../../../arm-none-eabi/lib/thumb/v6m/libc.a(lib_a-vfiprintf.o)
 .debug_loc     0x0000000000001ccc       0x8e /Users/jenswilly/Yagarto/yagarto-4.7.1/bin/../lib/gcc/arm-none-eabi/4.7.1/../../../../arm-none-eabi/lib/thumb/v6m/libc.a(lib_a-wsetup.o)
 .debug_loc     0x0000000000001d5a      0x33c /Users/jenswilly/Yagarto/yagarto-4.7.1/bin/../lib/gcc/arm-none-eabi/4.7.1/../../../../arm-none-eabi/lib/thumb/v6m/libc.a(lib_a-fflush.o)
 .debug_loc     0x0000000000002096      0x362 /Users/jenswilly/Yagarto/yagarto-4.7.1/bin/../lib/gcc/arm-none-eabi/4.7.1/../../../../arm-none-eabi/lib/thumb/v6m/libc.a(lib_a-findfp.o)
 .debug_loc     0x00000000000023f8      0x244 /Users/jenswilly/Yagarto/yagarto-4.7.1/bin/../lib/gcc/arm-none-eabi/4.7.1/../../../../arm-none-eabi/lib/thumb/v6m/libc.a(lib_a-fputwc.o)
 .debug_loc     0x000000000000263c      0x685 /Users/jenswilly/Yagarto/yagarto-4.7.1/bin/../lib/gcc/arm-none-eabi/4.7.1/../../../../arm-none-eabi/lib/thumb/v6m/libc.a(lib_a-freer.o)
 .debug_loc     0x0000000000002cc1      0x5b4 /Users/jenswilly/Yagarto/yagarto-4.7.1/bin/../lib/gcc/arm-none-eabi/4.7.1/../../../../arm-none-eabi/lib/thumb/v6m/libc.a(lib_a-fvwrite.o)
 .debug_loc     0x0000000000003275      0x1f7 /Users/jenswilly/Yagarto/yagarto-4.7.1/bin/../lib/gcc/arm-none-eabi/4.7.1/../../../../arm-none-eabi/lib/thumb/v6m/libc.a(lib_a-fwalk.o)
 .debug_loc     0x000000000000346c      0x127 /Users/jenswilly/Yagarto/yagarto-4.7.1/bin/../lib/gcc/arm-none-eabi/4.7.1/../../../../arm-none-eabi/lib/thumb/v6m/libc.a(lib_a-locale.o)
 .debug_loc     0x0000000000003593      0x161 /Users/jenswilly/Yagarto/yagarto-4.7.1/bin/../lib/gcc/arm-none-eabi/4.7.1/../../../../arm-none-eabi/lib/thumb/v6m/libc.a(lib_a-makebuf.o)
 .debug_loc     0x00000000000036f4      0xe06 /Users/jenswilly/Yagarto/yagarto-4.7.1/bin/../lib/gcc/arm-none-eabi/4.7.1/../../../../arm-none-eabi/lib/thumb/v6m/libc.a(lib_a-mallocr.o)
 .debug_loc     0x00000000000044fa      0x1c7 /Users/jenswilly/Yagarto/yagarto-4.7.1/bin/../lib/gcc/arm-none-eabi/4.7.1/../../../../arm-none-eabi/lib/thumb/v6m/libc.a(lib_a-memchr-stub.o)
 .debug_loc     0x00000000000046c1      0x252 /Users/jenswilly/Yagarto/yagarto-4.7.1/bin/../lib/gcc/arm-none-eabi/4.7.1/../../../../arm-none-eabi/lib/thumb/v6m/libc.a(lib_a-memcpy-stub.o)
 .debug_loc     0x0000000000004913      0x28c /Users/jenswilly/Yagarto/yagarto-4.7.1/bin/../lib/gcc/arm-none-eabi/4.7.1/../../../../arm-none-eabi/lib/thumb/v6m/libc.a(lib_a-memmove.o)
 .debug_loc     0x0000000000004b9f     0x17ab /Users/jenswilly/Yagarto/yagarto-4.7.1/bin/../lib/gcc/arm-none-eabi/4.7.1/../../../../arm-none-eabi/lib/thumb/v6m/libc.a(lib_a-reallocr.o)
 .debug_loc     0x000000000000634a      0x2c7 /Users/jenswilly/Yagarto/yagarto-4.7.1/bin/../lib/gcc/arm-none-eabi/4.7.1/../../../../arm-none-eabi/lib/thumb/v6m/libc.a(lib_a-stdio.o)
 .debug_loc     0x0000000000006611       0x21 /Users/jenswilly/Yagarto/yagarto-4.7.1/bin/../lib/gcc/arm-none-eabi/4.7.1/../../../../arm-none-eabi/lib/thumb/v6m/libc.a(lib_a-strcmp.o)
 .debug_loc     0x0000000000006632       0x21 /Users/jenswilly/Yagarto/yagarto-4.7.1/bin/../lib/gcc/arm-none-eabi/4.7.1/../../../../arm-none-eabi/lib/thumb/v6m/libc.a(lib_a-strlen.o)
 .debug_loc     0x0000000000006653      0x19a /Users/jenswilly/Yagarto/yagarto-4.7.1/bin/../lib/gcc/arm-none-eabi/4.7.1/../../../../arm-none-eabi/lib/thumb/v6m/libc.a(lib_a-wbuf.o)
 .debug_loc     0x00000000000067ed      0x2a8 /Users/jenswilly/Yagarto/yagarto-4.7.1/bin/../lib/gcc/arm-none-eabi/4.7.1/../../../../arm-none-eabi/lib/thumb/v6m/libc.a(lib_a-wcrtomb.o)
 .debug_loc     0x0000000000006a95      0x195 /Users/jenswilly/Yagarto/yagarto-4.7.1/bin/../lib/gcc/arm-none-eabi/4.7.1/../../../../arm-none-eabi/lib/thumb/v6m/libc.a(lib_a-wctomb_r.o)
 .debug_loc     0x0000000000006c2a      0x12f /Users/jenswilly/Yagarto/yagarto-4.7.1/bin/../lib/gcc/arm-none-eabi/4.7.1/../../../../arm-none-eabi/lib/thumb/v6m/libc.a(lib_a-fclose.o)

.debug_ranges   0x0000000000000000      0x2c0
 .debug_ranges  0x0000000000000000       0xb0 /Users/jenswilly/Yagarto/yagarto-4.7.1/bin/../lib/gcc/arm-none-eabi/4.7.1/../../../../arm-none-eabi/lib/thumb/v6m/libc.a(lib_a-vfiprintf.o)
 .debug_ranges  0x00000000000000b0       0x18 /Users/jenswilly/Yagarto/yagarto-4.7.1/bin/../lib/gcc/arm-none-eabi/4.7.1/../../../../arm-none-eabi/lib/thumb/v6m/libc.a(lib_a-fflush.o)
 .debug_ranges  0x00000000000000c8       0x30 /Users/jenswilly/Yagarto/yagarto-4.7.1/bin/../lib/gcc/arm-none-eabi/4.7.1/../../../../arm-none-eabi/lib/thumb/v6m/libc.a(lib_a-fputwc.o)
 .debug_ranges  0x00000000000000f8       0x28 /Users/jenswilly/Yagarto/yagarto-4.7.1/bin/../lib/gcc/arm-none-eabi/4.7.1/../../../../arm-none-eabi/lib/thumb/v6m/libc.a(lib_a-fvwrite.o)
 .debug_ranges  0x0000000000000120       0x70 /Users/jenswilly/Yagarto/yagarto-4.7.1/bin/../lib/gcc/arm-none-eabi/4.7.1/../../../../arm-none-eabi/lib/thumb/v6m/libc.a(lib_a-mallocr.o)
 .debug_ranges  0x0000000000000190      0x130 /Users/jenswilly/Yagarto/yagarto-4.7.1/bin/../lib/gcc/arm-none-eabi/4.7.1/../../../../arm-none-eabi/lib/thumb/v6m/libc.a(lib_a-reallocr.o)

Cross Reference Table

Symbol                                            File
ADC_IRQHandler                                    ./src/startup_LPC11U24.o
BOD_IRQHandler                                    ./src/startup_LPC11U24.o
FLEX_INT0_IRQHandler                              ./src/startup_LPC11U24.o
FLEX_INT1_IRQHandler                              ./src/startup_LPC11U24.o
FLEX_INT2_IRQHandler                              ./src/startup_LPC11U24.o
FLEX_INT3_IRQHandler                              ./src/startup_LPC11U24.o
FLEX_INT4_IRQHandler                              ./src/startup_LPC11U24.o
FLEX_INT5_IRQHandler                              ./src/startup_LPC11U24.o
FLEX_INT6_IRQHandler                              ./src/startup_LPC11U24.o
FLEX_INT7_IRQHandler                              ./src/startup_LPC11U24.o
FMC_IRQHandler                                    ./src/startup_LPC11U24.o
GINT0_IRQHandler                                  ./src/startup_LPC11U24.o
GINT1_IRQHandler                                  ./src/startup_LPC11U24.o
HardFault_Handler                                 ./src/startup_LPC11U24.o
I2C_IRQHandler                                    ./src/startup_LPC11U24.o
IntDefaultHandler                                 ./src/startup_LPC11U24.o
ModemInit                                         ./src/uart.o
NMI_Handler                                       ./src/startup_LPC11U24.o
PendSV_Handler                                    ./src/startup_LPC11U24.o
ResetISR                                          ./src/startup_LPC11U24.o
SSP0_IRQHandler                                   ./src/startup_LPC11U24.o
SSP1_IRQHandler                                   ./src/startup_LPC11U24.o
SVCall_Handler                                    ./src/startup_LPC11U24.o
SysTick_Handler                                   ./src/startup_LPC11U24.o
SystemCoreClock                                   ./cmsis/device/system_LPC11Uxx.o
SystemCoreClockUpdate                             ./cmsis/device/system_LPC11Uxx.o
                                                  ./src/main.o
SystemInit                                        ./cmsis/device/system_LPC11Uxx.o
                                                  ./src/startup_LPC11U24.o
TIMER16_0_IRQHandler                              ./src/startup_LPC11U24.o
TIMER16_1_IRQHandler                              ./src/startup_LPC11U24.o
TIMER32_0_IRQHandler                              ./src/main.o
                                                  ./src/startup_LPC11U24.o
TIMER32_1_IRQHandler                              ./src/startup_LPC11U24.o
UARTBuffer                                        ./src/uart.o
UARTCount                                         ./src/uart.o
UARTInit                                          ./src/uart.o
                                                  ./src/main.o
UARTSend                                          ./src/uart.o
                                                  ./src/syscalls.o
UARTStatus                                        ./src/uart.o
UARTTxEmpty                                       ./src/uart.o
UART_IRQHandler                                   ./src/main.o
                                                  ./src/startup_LPC11U24.o
UARTbuffer                                        ./src/main.o
UARTbufferPtr                                     ./src/main.o
USBWakeup_IRQHandler                              ./src/startup_LPC11U24.o
USB_FIQHandler                                    ./src/startup_LPC11U24.o
USB_IRQHandler                                    ./src/startup_LPC11U24.o
WDT_IRQHandler                                    ./src/startup_LPC11U24.o
_PathLocale                                       /Users/jenswilly/Yagarto/yagarto-4.7.1/bin/../lib/gcc/arm-none-eabi/4.7.1/../../../../arm-none-eabi/lib/thumb/v6m/libc.a(lib_a-locale.o)
__aeabi_idiv0                                     /Users/jenswilly/Yagarto/yagarto-4.7.1/bin/../lib/gcc/arm-none-eabi/4.7.1/thumb/v6m/libgcc.a(_dvmd_tls.o)
                                                  /Users/jenswilly/Yagarto/yagarto-4.7.1/bin/../lib/gcc/arm-none-eabi/4.7.1/thumb/v6m/libgcc.a(_udivsi3.o)
__aeabi_ldiv0                                     /Users/jenswilly/Yagarto/yagarto-4.7.1/bin/../lib/gcc/arm-none-eabi/4.7.1/thumb/v6m/libgcc.a(_dvmd_tls.o)
__aeabi_uidiv                                     /Users/jenswilly/Yagarto/yagarto-4.7.1/bin/../lib/gcc/arm-none-eabi/4.7.1/thumb/v6m/libgcc.a(_udivsi3.o)
                                                  /Users/jenswilly/Yagarto/yagarto-4.7.1/bin/../lib/gcc/arm-none-eabi/4.7.1/../../../../arm-none-eabi/lib/thumb/v6m/libc.a(lib_a-vfiprintf.o)
                                                  ./cmsis/device/system_LPC11Uxx.o
__aeabi_uidivmod                                  /Users/jenswilly/Yagarto/yagarto-4.7.1/bin/../lib/gcc/arm-none-eabi/4.7.1/thumb/v6m/libgcc.a(_udivsi3.o)
                                                  /Users/jenswilly/Yagarto/yagarto-4.7.1/bin/../lib/gcc/arm-none-eabi/4.7.1/../../../../arm-none-eabi/lib/thumb/v6m/libc.a(lib_a-vfiprintf.o)
__ascii_wctomb                                    /Users/jenswilly/Yagarto/yagarto-4.7.1/bin/../lib/gcc/arm-none-eabi/4.7.1/../../../../arm-none-eabi/lib/thumb/v6m/libc.a(lib_a-wctomb_r.o)
__bss_section_table_end                           ./src/startup_LPC11U24.o
__data_section_table                              ./src/startup_LPC11U24.o
__data_section_table_end                          ./src/startup_LPC11U24.o
__errno                                           /Users/jenswilly/Yagarto/yagarto-4.7.1/bin/../lib/gcc/arm-none-eabi/4.7.1/../../../../arm-none-eabi/lib/thumb/v6m/libc.a(lib_a-errno.o)
                                                  ./src/syscalls.o
__fp_lock_all                                     /Users/jenswilly/Yagarto/yagarto-4.7.1/bin/../lib/gcc/arm-none-eabi/4.7.1/../../../../arm-none-eabi/lib/thumb/v6m/libc.a(lib_a-findfp.o)
__fp_unlock_all                                   /Users/jenswilly/Yagarto/yagarto-4.7.1/bin/../lib/gcc/arm-none-eabi/4.7.1/../../../../arm-none-eabi/lib/thumb/v6m/libc.a(lib_a-findfp.o)
__locale_charset                                  /Users/jenswilly/Yagarto/yagarto-4.7.1/bin/../lib/gcc/arm-none-eabi/4.7.1/../../../../arm-none-eabi/lib/thumb/v6m/libc.a(lib_a-locale.o)
                                                  /Users/jenswilly/Yagarto/yagarto-4.7.1/bin/../lib/gcc/arm-none-eabi/4.7.1/../../../../arm-none-eabi/lib/thumb/v6m/libc.a(lib_a-wctomb_r.o)
                                                  /Users/jenswilly/Yagarto/yagarto-4.7.1/bin/../lib/gcc/arm-none-eabi/4.7.1/../../../../arm-none-eabi/lib/thumb/v6m/libc.a(lib_a-wcrtomb.o)
__locale_cjk_lang                                 /Users/jenswilly/Yagarto/yagarto-4.7.1/bin/../lib/gcc/arm-none-eabi/4.7.1/../../../../arm-none-eabi/lib/thumb/v6m/libc.a(lib_a-locale.o)
__locale_mb_cur_max                               /Users/jenswilly/Yagarto/yagarto-4.7.1/bin/../lib/gcc/arm-none-eabi/4.7.1/../../../../arm-none-eabi/lib/thumb/v6m/libc.a(lib_a-locale.o)
                                                  /Users/jenswilly/Yagarto/yagarto-4.7.1/bin/../lib/gcc/arm-none-eabi/4.7.1/../../../../arm-none-eabi/lib/thumb/v6m/libc.a(lib_a-fputwc.o)
__locale_msgcharset                               /Users/jenswilly/Yagarto/yagarto-4.7.1/bin/../lib/gcc/arm-none-eabi/4.7.1/../../../../arm-none-eabi/lib/thumb/v6m/libc.a(lib_a-locale.o)
__malloc_av_                                      /Users/jenswilly/Yagarto/yagarto-4.7.1/bin/../lib/gcc/arm-none-eabi/4.7.1/../../../../arm-none-eabi/lib/thumb/v6m/libc.a(lib_a-mallocr.o)
                                                  /Users/jenswilly/Yagarto/yagarto-4.7.1/bin/../lib/gcc/arm-none-eabi/4.7.1/../../../../arm-none-eabi/lib/thumb/v6m/libc.a(lib_a-reallocr.o)
                                                  /Users/jenswilly/Yagarto/yagarto-4.7.1/bin/../lib/gcc/arm-none-eabi/4.7.1/../../../../arm-none-eabi/lib/thumb/v6m/libc.a(lib_a-freer.o)
__malloc_current_mallinfo                         /Users/jenswilly/Yagarto/yagarto-4.7.1/bin/../lib/gcc/arm-none-eabi/4.7.1/../../../../arm-none-eabi/lib/thumb/v6m/libc.a(lib_a-mallocr.o)
                                                  /Users/jenswilly/Yagarto/yagarto-4.7.1/bin/../lib/gcc/arm-none-eabi/4.7.1/../../../../arm-none-eabi/lib/thumb/v6m/libc.a(lib_a-freer.o)
__malloc_lock                                     /Users/jenswilly/Yagarto/yagarto-4.7.1/bin/../lib/gcc/arm-none-eabi/4.7.1/../../../../arm-none-eabi/lib/thumb/v6m/libc.a(lib_a-mlock.o)
                                                  /Users/jenswilly/Yagarto/yagarto-4.7.1/bin/../lib/gcc/arm-none-eabi/4.7.1/../../../../arm-none-eabi/lib/thumb/v6m/libc.a(lib_a-reallocr.o)
                                                  /Users/jenswilly/Yagarto/yagarto-4.7.1/bin/../lib/gcc/arm-none-eabi/4.7.1/../../../../arm-none-eabi/lib/thumb/v6m/libc.a(lib_a-mallocr.o)
                                                  /Users/jenswilly/Yagarto/yagarto-4.7.1/bin/../lib/gcc/arm-none-eabi/4.7.1/../../../../arm-none-eabi/lib/thumb/v6m/libc.a(lib_a-freer.o)
__malloc_max_sbrked_mem                           /Users/jenswilly/Yagarto/yagarto-4.7.1/bin/../lib/gcc/arm-none-eabi/4.7.1/../../../../arm-none-eabi/lib/thumb/v6m/libc.a(lib_a-mallocr.o)
__malloc_max_total_mem                            /Users/jenswilly/Yagarto/yagarto-4.7.1/bin/../lib/gcc/arm-none-eabi/4.7.1/../../../../arm-none-eabi/lib/thumb/v6m/libc.a(lib_a-mallocr.o)
__malloc_sbrk_base                                /Users/jenswilly/Yagarto/yagarto-4.7.1/bin/../lib/gcc/arm-none-eabi/4.7.1/../../../../arm-none-eabi/lib/thumb/v6m/libc.a(lib_a-mallocr.o)
                                                  /Users/jenswilly/Yagarto/yagarto-4.7.1/bin/../lib/gcc/arm-none-eabi/4.7.1/../../../../arm-none-eabi/lib/thumb/v6m/libc.a(lib_a-freer.o)
__malloc_top_pad                                  /Users/jenswilly/Yagarto/yagarto-4.7.1/bin/../lib/gcc/arm-none-eabi/4.7.1/../../../../arm-none-eabi/lib/thumb/v6m/libc.a(lib_a-mallocr.o)
                                                  /Users/jenswilly/Yagarto/yagarto-4.7.1/bin/../lib/gcc/arm-none-eabi/4.7.1/../../../../arm-none-eabi/lib/thumb/v6m/libc.a(lib_a-freer.o)
__malloc_trim_threshold                           /Users/jenswilly/Yagarto/yagarto-4.7.1/bin/../lib/gcc/arm-none-eabi/4.7.1/../../../../arm-none-eabi/lib/thumb/v6m/libc.a(lib_a-mallocr.o)
                                                  /Users/jenswilly/Yagarto/yagarto-4.7.1/bin/../lib/gcc/arm-none-eabi/4.7.1/../../../../arm-none-eabi/lib/thumb/v6m/libc.a(lib_a-freer.o)
__malloc_unlock                                   /Users/jenswilly/Yagarto/yagarto-4.7.1/bin/../lib/gcc/arm-none-eabi/4.7.1/../../../../arm-none-eabi/lib/thumb/v6m/libc.a(lib_a-mlock.o)
                                                  /Users/jenswilly/Yagarto/yagarto-4.7.1/bin/../lib/gcc/arm-none-eabi/4.7.1/../../../../arm-none-eabi/lib/thumb/v6m/libc.a(lib_a-reallocr.o)
                                                  /Users/jenswilly/Yagarto/yagarto-4.7.1/bin/../lib/gcc/arm-none-eabi/4.7.1/../../../../arm-none-eabi/lib/thumb/v6m/libc.a(lib_a-mallocr.o)
                                                  /Users/jenswilly/Yagarto/yagarto-4.7.1/bin/../lib/gcc/arm-none-eabi/4.7.1/../../../../arm-none-eabi/lib/thumb/v6m/libc.a(lib_a-freer.o)
__mb_cur_max                                      /Users/jenswilly/Yagarto/yagarto-4.7.1/bin/../lib/gcc/arm-none-eabi/4.7.1/../../../../arm-none-eabi/lib/thumb/v6m/libc.a(lib_a-locale.o)
__mlocale_changed                                 /Users/jenswilly/Yagarto/yagarto-4.7.1/bin/../lib/gcc/arm-none-eabi/4.7.1/../../../../arm-none-eabi/lib/thumb/v6m/libc.a(lib_a-locale.o)